<?xml version="1.0" encoding="utf-8"?><testsuites><testsuite name="pytest" errors="11" failures="0" skipped="0" tests="11" time="5.242" timestamp="2025-04-29T20:00:55.491229" hostname="Mac"><testcase classname="tests.integration.test_rag_queries" name="test_project_overview_queries[Who is working in this project?]" time="0.219"><error message="failed on setup with &quot;sqlalchemy.exc.OperationalError: (sqlite3.OperationalError) no such table: projects&#10;[SQL: INSERT INTO projects (id, title, description, created_at, updated_at) VALUES (?, ?, ?, ?, ?)]&#10;[parameters: ('5fd525f9-e9c1-41bb-8b01-3640ec0bb5d3', 'Test Project', 'A test project for RAG queries', '2025-04-29 18:00:56.144060', '2025-04-29 18:00:56.144062')]&#10;(Background on this error at: https://sqlalche.me/e/20/e3q8)&quot;">self = &lt;sqlalchemy.engine.base.Connection object at 0x142c8a650&gt;
dialect = &lt;sqlalchemy.dialects.sqlite.aiosqlite.SQLiteDialect_aiosqlite object at 0x13796c590&gt;
context = &lt;sqlalchemy.dialects.sqlite.aiosqlite.SQLiteExecutionContext_aiosqlite object at 0x142c8b350&gt;
statement = &lt;sqlalchemy.dialects.sqlite.base.SQLiteCompiler object at 0x142c8b3d0&gt;
parameters = [('5fd525f9-e9c1-41bb-8b01-3640ec0bb5d3', 'Test Project', 'A test project for RAG queries', '2025-04-29 18:00:56.144060', '2025-04-29 18:00:56.144062')]

    def _exec_single_context(
        self,
        dialect: Dialect,
        context: ExecutionContext,
        statement: Union[str, Compiled],
        parameters: Optional[_AnyMultiExecuteParams],
    ) -&gt; CursorResult[Any]:
        """continue the _execute_context() method for a single DBAPI
        cursor.execute() or cursor.executemany() call.
    
        """
        if dialect.bind_typing is BindTyping.SETINPUTSIZES:
            generic_setinputsizes = context._prepare_set_input_sizes()
    
            if generic_setinputsizes:
                try:
                    dialect.do_set_input_sizes(
                        context.cursor, generic_setinputsizes, context
                    )
                except BaseException as e:
                    self._handle_dbapi_exception(
                        e, str(statement), parameters, None, context
                    )
    
        cursor, str_statement, parameters = (
            context.cursor,
            context.statement,
            context.parameters,
        )
    
        effective_parameters: Optional[_AnyExecuteParams]
    
        if not context.executemany:
            effective_parameters = parameters[0]
        else:
            effective_parameters = parameters
    
        if self._has_events or self.engine._has_events:
            for fn in self.dispatch.before_cursor_execute:
                str_statement, effective_parameters = fn(
                    self,
                    cursor,
                    str_statement,
                    effective_parameters,
                    context,
                    context.executemany,
                )
    
        if self._echo:
            self._log_info(str_statement)
    
            stats = context._get_cache_stats()
    
            if not self.engine.hide_parameters:
                self._log_info(
                    "[%s] %r",
                    stats,
                    sql_util._repr_params(
                        effective_parameters,
                        batches=10,
                        ismulti=context.executemany,
                    ),
                )
            else:
                self._log_info(
                    "[%s] [SQL parameters hidden due to hide_parameters=True]",
                    stats,
                )
    
        evt_handled: bool = False
        try:
            if context.execute_style is ExecuteStyle.EXECUTEMANY:
                effective_parameters = cast(
                    "_CoreMultiExecuteParams", effective_parameters
                )
                if self.dialect._has_events:
                    for fn in self.dialect.dispatch.do_executemany:
                        if fn(
                            cursor,
                            str_statement,
                            effective_parameters,
                            context,
                        ):
                            evt_handled = True
                            break
                if not evt_handled:
                    self.dialect.do_executemany(
                        cursor,
                        str_statement,
                        effective_parameters,
                        context,
                    )
            elif not effective_parameters and context.no_parameters:
                if self.dialect._has_events:
                    for fn in self.dialect.dispatch.do_execute_no_params:
                        if fn(cursor, str_statement, context):
                            evt_handled = True
                            break
                if not evt_handled:
                    self.dialect.do_execute_no_params(
                        cursor, str_statement, context
                    )
            else:
                effective_parameters = cast(
                    "_CoreSingleExecuteParams", effective_parameters
                )
                if self.dialect._has_events:
                    for fn in self.dialect.dispatch.do_execute:
                        if fn(
                            cursor,
                            str_statement,
                            effective_parameters,
                            context,
                        ):
                            evt_handled = True
                            break
                if not evt_handled:
&gt;                   self.dialect.do_execute(
                        cursor, str_statement, effective_parameters, context
                    )

../venv/lib/python3.11/site-packages/sqlalchemy/engine/base.py:1960: 
_ _ _ _ _ _ _ _ _ _ _ _ _ _ _ _ _ _ _ _ _ _ _ _ _ _ _ _ _ _ _ _ _ _ _ _ _ _ _ _ _ _ _ _ _ _ _ _ _ _ _ _ _ _
../venv/lib/python3.11/site-packages/sqlalchemy/engine/default.py:924: in do_execute
    cursor.execute(statement, parameters)
../venv/lib/python3.11/site-packages/sqlalchemy/dialects/sqlite/aiosqlite.py:146: in execute
    self._adapt_connection._handle_exception(error)
../venv/lib/python3.11/site-packages/sqlalchemy/dialects/sqlite/aiosqlite.py:298: in _handle_exception
    raise error
../venv/lib/python3.11/site-packages/sqlalchemy/dialects/sqlite/aiosqlite.py:128: in execute
    self.await_(_cursor.execute(operation, parameters))
../venv/lib/python3.11/site-packages/sqlalchemy/util/_concurrency_py3k.py:127: in await_only
    return current.driver.switch(awaitable)  # type: ignore[no-any-return]
../venv/lib/python3.11/site-packages/sqlalchemy/util/_concurrency_py3k.py:192: in greenlet_spawn
    value = await result
../venv/lib/python3.11/site-packages/aiosqlite/cursor.py:48: in execute
    await self._execute(self._cursor.execute, sql, parameters)
../venv/lib/python3.11/site-packages/aiosqlite/cursor.py:40: in _execute
    return await self._conn._execute(fn, *args, **kwargs)
../venv/lib/python3.11/site-packages/aiosqlite/core.py:133: in _execute
    return await future
_ _ _ _ _ _ _ _ _ _ _ _ _ _ _ _ _ _ _ _ _ _ _ _ _ _ _ _ _ _ _ _ _ _ _ _ _ _ _ _ _ _ _ _ _ _ _ _ _ _ _ _ _ _

self = &lt;Connection(Thread-5, started daemon 13489057792)&gt;

    def run(self) -&gt; None:
        """
        Execute function calls on a separate thread.
    
        :meta private:
        """
        while True:
            # Continues running until all queue items are processed,
            # even after connection is closed (so we can finalize all
            # futures)
            try:
                future, function = self._tx.get(timeout=0.1)
            except Empty:
                if self._running:
                    continue
                break
            try:
                LOG.debug("executing %s", function)
&gt;               result = function()
E               sqlite3.OperationalError: no such table: projects

../venv/lib/python3.11/site-packages/aiosqlite/core.py:106: OperationalError

The above exception was the direct cause of the following exception:

client = &lt;starlette.testclient.TestClient object at 0x142a88090&gt;

    @pytest.fixture(scope="module")
    def setup_project_and_conversation(client):
        # Create project
&gt;       response = client.post(
            "/api/v1/projects/",
            json={"title": "Test Project", "description": "A test project for RAG queries"}
        )

tests/integration/test_rag_queries.py:144: 
_ _ _ _ _ _ _ _ _ _ _ _ _ _ _ _ _ _ _ _ _ _ _ _ _ _ _ _ _ _ _ _ _ _ _ _ _ _ _ _ _ _ _ _ _ _ _ _ _ _ _ _ _ _
../venv/lib/python3.11/site-packages/starlette/testclient.py:608: in post
    return super().post(
../venv/lib/python3.11/site-packages/httpx/_client.py:1145: in post
    return self.request(
../venv/lib/python3.11/site-packages/starlette/testclient.py:491: in request
    return super().request(
../venv/lib/python3.11/site-packages/httpx/_client.py:827: in request
    return self.send(request, auth=auth, follow_redirects=follow_redirects)
../venv/lib/python3.11/site-packages/httpx/_client.py:914: in send
    response = self._send_handling_auth(
../venv/lib/python3.11/site-packages/httpx/_client.py:942: in _send_handling_auth
    response = self._send_handling_redirects(
../venv/lib/python3.11/site-packages/httpx/_client.py:979: in _send_handling_redirects
    response = self._send_single_request(request)
../venv/lib/python3.11/site-packages/httpx/_client.py:1015: in _send_single_request
    response = transport.handle_request(request)
../venv/lib/python3.11/site-packages/starlette/testclient.py:372: in handle_request
    raise exc
../venv/lib/python3.11/site-packages/starlette/testclient.py:369: in handle_request
    portal.call(self.app, scope, receive, send)
../venv/lib/python3.11/site-packages/anyio/from_thread.py:290: in call
    return cast(T_Retval, self.start_task_soon(func, *args).result())
../../../../.pyenv/versions/3.11.11/lib/python3.11/concurrent/futures/_base.py:456: in result
    return self.__get_result()
../../../../.pyenv/versions/3.11.11/lib/python3.11/concurrent/futures/_base.py:401: in __get_result
    raise self._exception
../venv/lib/python3.11/site-packages/anyio/from_thread.py:221: in _call_func
    retval = await retval_or_awaitable
../venv/lib/python3.11/site-packages/fastapi/applications.py:1054: in __call__
    await super().__call__(scope, receive, send)
../venv/lib/python3.11/site-packages/starlette/applications.py:123: in __call__
    await self.middleware_stack(scope, receive, send)
../venv/lib/python3.11/site-packages/starlette/middleware/errors.py:186: in __call__
    raise exc
../venv/lib/python3.11/site-packages/starlette/middleware/errors.py:164: in __call__
    await self.app(scope, receive, _send)
../venv/lib/python3.11/site-packages/starlette/middleware/cors.py:83: in __call__
    await self.app(scope, receive, send)
../venv/lib/python3.11/site-packages/starlette/middleware/exceptions.py:62: in __call__
    await wrap_app_handling_exceptions(self.app, conn)(scope, receive, send)
../venv/lib/python3.11/site-packages/starlette/_exception_handler.py:64: in wrapped_app
    raise exc
../venv/lib/python3.11/site-packages/starlette/_exception_handler.py:53: in wrapped_app
    await app(scope, receive, sender)
../venv/lib/python3.11/site-packages/starlette/routing.py:758: in __call__
    await self.middleware_stack(scope, receive, send)
../venv/lib/python3.11/site-packages/starlette/routing.py:778: in app
    await route.handle(scope, receive, send)
../venv/lib/python3.11/site-packages/starlette/routing.py:299: in handle
    await self.app(scope, receive, send)
../venv/lib/python3.11/site-packages/starlette/routing.py:79: in app
    await wrap_app_handling_exceptions(app, request)(scope, receive, send)
../venv/lib/python3.11/site-packages/starlette/_exception_handler.py:64: in wrapped_app
    raise exc
../venv/lib/python3.11/site-packages/starlette/_exception_handler.py:53: in wrapped_app
    await app(scope, receive, sender)
../venv/lib/python3.11/site-packages/starlette/routing.py:74: in app
    response = await func(request)
../venv/lib/python3.11/site-packages/fastapi/routing.py:299: in app
    raise e
../venv/lib/python3.11/site-packages/fastapi/routing.py:294: in app
    raw_response = await run_endpoint_function(
../venv/lib/python3.11/site-packages/fastapi/routing.py:191: in run_endpoint_function
    return await dependant.call(**values)
app/api/v1/endpoints/projects.py:88: in create_project
    return await service.create_project(project)
app/application/services/project_service.py:28: in create_project
    return await self.repository.create(project)
app/infrastructure/repositories/project_repository.py:75: in create
    await self.db.commit()
../venv/lib/python3.11/site-packages/sqlalchemy/ext/asyncio/session.py:1000: in commit
    await greenlet_spawn(self.sync_session.commit)
../venv/lib/python3.11/site-packages/sqlalchemy/util/_concurrency_py3k.py:199: in greenlet_spawn
    result = context.switch(value)
../venv/lib/python3.11/site-packages/sqlalchemy/orm/session.py:1972: in commit
    trans.commit(_to_root=True)
&lt;string&gt;:2: in commit
    ???
../venv/lib/python3.11/site-packages/sqlalchemy/orm/state_changes.py:139: in _go
    ret_value = fn(self, *arg, **kw)
../venv/lib/python3.11/site-packages/sqlalchemy/orm/session.py:1257: in commit
    self._prepare_impl()
&lt;string&gt;:2: in _prepare_impl
    ???
../venv/lib/python3.11/site-packages/sqlalchemy/orm/state_changes.py:139: in _go
    ret_value = fn(self, *arg, **kw)
../venv/lib/python3.11/site-packages/sqlalchemy/orm/session.py:1232: in _prepare_impl
    self.session.flush()
../venv/lib/python3.11/site-packages/sqlalchemy/orm/session.py:4296: in flush
    self._flush(objects)
../venv/lib/python3.11/site-packages/sqlalchemy/orm/session.py:4431: in _flush
    with util.safe_reraise():
../venv/lib/python3.11/site-packages/sqlalchemy/util/langhelpers.py:146: in __exit__
    raise exc_value.with_traceback(exc_tb)
../venv/lib/python3.11/site-packages/sqlalchemy/orm/session.py:4392: in _flush
    flush_context.execute()
../venv/lib/python3.11/site-packages/sqlalchemy/orm/unitofwork.py:466: in execute
    rec.execute(self)
../venv/lib/python3.11/site-packages/sqlalchemy/orm/unitofwork.py:642: in execute
    util.preloaded.orm_persistence.save_obj(
../venv/lib/python3.11/site-packages/sqlalchemy/orm/persistence.py:93: in save_obj
    _emit_insert_statements(
../venv/lib/python3.11/site-packages/sqlalchemy/orm/persistence.py:1233: in _emit_insert_statements
    result = connection.execute(
../venv/lib/python3.11/site-packages/sqlalchemy/engine/base.py:1408: in execute
    return meth(
../venv/lib/python3.11/site-packages/sqlalchemy/sql/elements.py:513: in _execute_on_connection
    return connection._execute_clauseelement(
../venv/lib/python3.11/site-packages/sqlalchemy/engine/base.py:1630: in _execute_clauseelement
    ret = self._execute_context(
../venv/lib/python3.11/site-packages/sqlalchemy/engine/base.py:1839: in _execute_context
    return self._exec_single_context(
../venv/lib/python3.11/site-packages/sqlalchemy/engine/base.py:1979: in _exec_single_context
    self._handle_dbapi_exception(
../venv/lib/python3.11/site-packages/sqlalchemy/engine/base.py:2335: in _handle_dbapi_exception
    raise sqlalchemy_exception.with_traceback(exc_info[2]) from e
../venv/lib/python3.11/site-packages/sqlalchemy/engine/base.py:1960: in _exec_single_context
    self.dialect.do_execute(
../venv/lib/python3.11/site-packages/sqlalchemy/engine/default.py:924: in do_execute
    cursor.execute(statement, parameters)
../venv/lib/python3.11/site-packages/sqlalchemy/dialects/sqlite/aiosqlite.py:146: in execute
    self._adapt_connection._handle_exception(error)
../venv/lib/python3.11/site-packages/sqlalchemy/dialects/sqlite/aiosqlite.py:298: in _handle_exception
    raise error
../venv/lib/python3.11/site-packages/sqlalchemy/dialects/sqlite/aiosqlite.py:128: in execute
    self.await_(_cursor.execute(operation, parameters))
../venv/lib/python3.11/site-packages/sqlalchemy/util/_concurrency_py3k.py:127: in await_only
    return current.driver.switch(awaitable)  # type: ignore[no-any-return]
../venv/lib/python3.11/site-packages/sqlalchemy/util/_concurrency_py3k.py:192: in greenlet_spawn
    value = await result
../venv/lib/python3.11/site-packages/aiosqlite/cursor.py:48: in execute
    await self._execute(self._cursor.execute, sql, parameters)
../venv/lib/python3.11/site-packages/aiosqlite/cursor.py:40: in _execute
    return await self._conn._execute(fn, *args, **kwargs)
../venv/lib/python3.11/site-packages/aiosqlite/core.py:133: in _execute
    return await future
_ _ _ _ _ _ _ _ _ _ _ _ _ _ _ _ _ _ _ _ _ _ _ _ _ _ _ _ _ _ _ _ _ _ _ _ _ _ _ _ _ _ _ _ _ _ _ _ _ _ _ _ _ _

self = &lt;Connection(Thread-5, started daemon 13489057792)&gt;

    def run(self) -&gt; None:
        """
        Execute function calls on a separate thread.
    
        :meta private:
        """
        while True:
            # Continues running until all queue items are processed,
            # even after connection is closed (so we can finalize all
            # futures)
            try:
                future, function = self._tx.get(timeout=0.1)
            except Empty:
                if self._running:
                    continue
                break
            try:
                LOG.debug("executing %s", function)
&gt;               result = function()
E               sqlalchemy.exc.OperationalError: (sqlite3.OperationalError) no such table: projects
E               [SQL: INSERT INTO projects (id, title, description, created_at, updated_at) VALUES (?, ?, ?, ?, ?)]
E               [parameters: ('5fd525f9-e9c1-41bb-8b01-3640ec0bb5d3', 'Test Project', 'A test project for RAG queries', '2025-04-29 18:00:56.144060', '2025-04-29 18:00:56.144062')]
E               (Background on this error at: https://sqlalche.me/e/20/e3q8)

../venv/lib/python3.11/site-packages/aiosqlite/core.py:106: OperationalError</error></testcase><testcase classname="tests.integration.test_rag_queries" name="test_project_overview_queries[What are the main components of this project?]" time="0.000"><error message="failed on setup with &quot;sqlalchemy.exc.OperationalError: (sqlite3.OperationalError) no such table: projects&#10;[SQL: INSERT INTO projects (id, title, description, created_at, updated_at) VALUES (?, ?, ?, ?, ?)]&#10;[parameters: ('5fd525f9-e9c1-41bb-8b01-3640ec0bb5d3', 'Test Project', 'A test project for RAG queries', '2025-04-29 18:00:56.144060', '2025-04-29 18:00:56.144062')]&#10;(Background on this error at: https://sqlalche.me/e/20/e3q8)&quot;">self = &lt;sqlalchemy.engine.base.Connection object at 0x142c8a650&gt;
dialect = &lt;sqlalchemy.dialects.sqlite.aiosqlite.SQLiteDialect_aiosqlite object at 0x13796c590&gt;
context = &lt;sqlalchemy.dialects.sqlite.aiosqlite.SQLiteExecutionContext_aiosqlite object at 0x142c8b350&gt;
statement = &lt;sqlalchemy.dialects.sqlite.base.SQLiteCompiler object at 0x142c8b3d0&gt;
parameters = [('5fd525f9-e9c1-41bb-8b01-3640ec0bb5d3', 'Test Project', 'A test project for RAG queries', '2025-04-29 18:00:56.144060', '2025-04-29 18:00:56.144062')]

    def _exec_single_context(
        self,
        dialect: Dialect,
        context: ExecutionContext,
        statement: Union[str, Compiled],
        parameters: Optional[_AnyMultiExecuteParams],
    ) -&gt; CursorResult[Any]:
        """continue the _execute_context() method for a single DBAPI
        cursor.execute() or cursor.executemany() call.
    
        """
        if dialect.bind_typing is BindTyping.SETINPUTSIZES:
            generic_setinputsizes = context._prepare_set_input_sizes()
    
            if generic_setinputsizes:
                try:
                    dialect.do_set_input_sizes(
                        context.cursor, generic_setinputsizes, context
                    )
                except BaseException as e:
                    self._handle_dbapi_exception(
                        e, str(statement), parameters, None, context
                    )
    
        cursor, str_statement, parameters = (
            context.cursor,
            context.statement,
            context.parameters,
        )
    
        effective_parameters: Optional[_AnyExecuteParams]
    
        if not context.executemany:
            effective_parameters = parameters[0]
        else:
            effective_parameters = parameters
    
        if self._has_events or self.engine._has_events:
            for fn in self.dispatch.before_cursor_execute:
                str_statement, effective_parameters = fn(
                    self,
                    cursor,
                    str_statement,
                    effective_parameters,
                    context,
                    context.executemany,
                )
    
        if self._echo:
            self._log_info(str_statement)
    
            stats = context._get_cache_stats()
    
            if not self.engine.hide_parameters:
                self._log_info(
                    "[%s] %r",
                    stats,
                    sql_util._repr_params(
                        effective_parameters,
                        batches=10,
                        ismulti=context.executemany,
                    ),
                )
            else:
                self._log_info(
                    "[%s] [SQL parameters hidden due to hide_parameters=True]",
                    stats,
                )
    
        evt_handled: bool = False
        try:
            if context.execute_style is ExecuteStyle.EXECUTEMANY:
                effective_parameters = cast(
                    "_CoreMultiExecuteParams", effective_parameters
                )
                if self.dialect._has_events:
                    for fn in self.dialect.dispatch.do_executemany:
                        if fn(
                            cursor,
                            str_statement,
                            effective_parameters,
                            context,
                        ):
                            evt_handled = True
                            break
                if not evt_handled:
                    self.dialect.do_executemany(
                        cursor,
                        str_statement,
                        effective_parameters,
                        context,
                    )
            elif not effective_parameters and context.no_parameters:
                if self.dialect._has_events:
                    for fn in self.dialect.dispatch.do_execute_no_params:
                        if fn(cursor, str_statement, context):
                            evt_handled = True
                            break
                if not evt_handled:
                    self.dialect.do_execute_no_params(
                        cursor, str_statement, context
                    )
            else:
                effective_parameters = cast(
                    "_CoreSingleExecuteParams", effective_parameters
                )
                if self.dialect._has_events:
                    for fn in self.dialect.dispatch.do_execute:
                        if fn(
                            cursor,
                            str_statement,
                            effective_parameters,
                            context,
                        ):
                            evt_handled = True
                            break
                if not evt_handled:
&gt;                   self.dialect.do_execute(
                        cursor, str_statement, effective_parameters, context
                    )

../venv/lib/python3.11/site-packages/sqlalchemy/engine/base.py:1960: 
_ _ _ _ _ _ _ _ _ _ _ _ _ _ _ _ _ _ _ _ _ _ _ _ _ _ _ _ _ _ _ _ _ _ _ _ _ _ _ _ _ _ _ _ _ _ _ _ _ _ _ _ _ _
../venv/lib/python3.11/site-packages/sqlalchemy/engine/default.py:924: in do_execute
    cursor.execute(statement, parameters)
../venv/lib/python3.11/site-packages/sqlalchemy/dialects/sqlite/aiosqlite.py:146: in execute
    self._adapt_connection._handle_exception(error)
../venv/lib/python3.11/site-packages/sqlalchemy/dialects/sqlite/aiosqlite.py:298: in _handle_exception
    raise error
../venv/lib/python3.11/site-packages/sqlalchemy/dialects/sqlite/aiosqlite.py:128: in execute
    self.await_(_cursor.execute(operation, parameters))
../venv/lib/python3.11/site-packages/sqlalchemy/util/_concurrency_py3k.py:127: in await_only
    return current.driver.switch(awaitable)  # type: ignore[no-any-return]
../venv/lib/python3.11/site-packages/sqlalchemy/util/_concurrency_py3k.py:192: in greenlet_spawn
    value = await result
../venv/lib/python3.11/site-packages/aiosqlite/cursor.py:48: in execute
    await self._execute(self._cursor.execute, sql, parameters)
../venv/lib/python3.11/site-packages/aiosqlite/cursor.py:40: in _execute
    return await self._conn._execute(fn, *args, **kwargs)
../venv/lib/python3.11/site-packages/aiosqlite/core.py:133: in _execute
    return await future
_ _ _ _ _ _ _ _ _ _ _ _ _ _ _ _ _ _ _ _ _ _ _ _ _ _ _ _ _ _ _ _ _ _ _ _ _ _ _ _ _ _ _ _ _ _ _ _ _ _ _ _ _ _

self = &lt;Connection(Thread-5, started daemon 13489057792)&gt;

    def run(self) -&gt; None:
        """
        Execute function calls on a separate thread.
    
        :meta private:
        """
        while True:
            # Continues running until all queue items are processed,
            # even after connection is closed (so we can finalize all
            # futures)
            try:
                future, function = self._tx.get(timeout=0.1)
            except Empty:
                if self._running:
                    continue
                break
            try:
                LOG.debug("executing %s", function)
&gt;               result = function()
E               sqlite3.OperationalError: no such table: projects

../venv/lib/python3.11/site-packages/aiosqlite/core.py:106: OperationalError

The above exception was the direct cause of the following exception:

client = &lt;starlette.testclient.TestClient object at 0x142a88090&gt;

    @pytest.fixture(scope="module")
    def setup_project_and_conversation(client):
        # Create project
&gt;       response = client.post(
            "/api/v1/projects/",
            json={"title": "Test Project", "description": "A test project for RAG queries"}
        )

tests/integration/test_rag_queries.py:144: 
_ _ _ _ _ _ _ _ _ _ _ _ _ _ _ _ _ _ _ _ _ _ _ _ _ _ _ _ _ _ _ _ _ _ _ _ _ _ _ _ _ _ _ _ _ _ _ _ _ _ _ _ _ _
../venv/lib/python3.11/site-packages/starlette/testclient.py:608: in post
    return super().post(
../venv/lib/python3.11/site-packages/httpx/_client.py:1145: in post
    return self.request(
../venv/lib/python3.11/site-packages/starlette/testclient.py:491: in request
    return super().request(
../venv/lib/python3.11/site-packages/httpx/_client.py:827: in request
    return self.send(request, auth=auth, follow_redirects=follow_redirects)
../venv/lib/python3.11/site-packages/httpx/_client.py:914: in send
    response = self._send_handling_auth(
../venv/lib/python3.11/site-packages/httpx/_client.py:942: in _send_handling_auth
    response = self._send_handling_redirects(
../venv/lib/python3.11/site-packages/httpx/_client.py:979: in _send_handling_redirects
    response = self._send_single_request(request)
../venv/lib/python3.11/site-packages/httpx/_client.py:1015: in _send_single_request
    response = transport.handle_request(request)
../venv/lib/python3.11/site-packages/starlette/testclient.py:372: in handle_request
    raise exc
../venv/lib/python3.11/site-packages/starlette/testclient.py:369: in handle_request
    portal.call(self.app, scope, receive, send)
../venv/lib/python3.11/site-packages/anyio/from_thread.py:290: in call
    return cast(T_Retval, self.start_task_soon(func, *args).result())
../../../../.pyenv/versions/3.11.11/lib/python3.11/concurrent/futures/_base.py:456: in result
    return self.__get_result()
../../../../.pyenv/versions/3.11.11/lib/python3.11/concurrent/futures/_base.py:401: in __get_result
    raise self._exception
../venv/lib/python3.11/site-packages/anyio/from_thread.py:221: in _call_func
    retval = await retval_or_awaitable
../venv/lib/python3.11/site-packages/fastapi/applications.py:1054: in __call__
    await super().__call__(scope, receive, send)
../venv/lib/python3.11/site-packages/starlette/applications.py:123: in __call__
    await self.middleware_stack(scope, receive, send)
../venv/lib/python3.11/site-packages/starlette/middleware/errors.py:186: in __call__
    raise exc
../venv/lib/python3.11/site-packages/starlette/middleware/errors.py:164: in __call__
    await self.app(scope, receive, _send)
../venv/lib/python3.11/site-packages/starlette/middleware/cors.py:83: in __call__
    await self.app(scope, receive, send)
../venv/lib/python3.11/site-packages/starlette/middleware/exceptions.py:62: in __call__
    await wrap_app_handling_exceptions(self.app, conn)(scope, receive, send)
../venv/lib/python3.11/site-packages/starlette/_exception_handler.py:64: in wrapped_app
    raise exc
../venv/lib/python3.11/site-packages/starlette/_exception_handler.py:53: in wrapped_app
    await app(scope, receive, sender)
../venv/lib/python3.11/site-packages/starlette/routing.py:758: in __call__
    await self.middleware_stack(scope, receive, send)
../venv/lib/python3.11/site-packages/starlette/routing.py:778: in app
    await route.handle(scope, receive, send)
../venv/lib/python3.11/site-packages/starlette/routing.py:299: in handle
    await self.app(scope, receive, send)
../venv/lib/python3.11/site-packages/starlette/routing.py:79: in app
    await wrap_app_handling_exceptions(app, request)(scope, receive, send)
../venv/lib/python3.11/site-packages/starlette/_exception_handler.py:64: in wrapped_app
    raise exc
../venv/lib/python3.11/site-packages/starlette/_exception_handler.py:53: in wrapped_app
    await app(scope, receive, sender)
../venv/lib/python3.11/site-packages/starlette/routing.py:74: in app
    response = await func(request)
../venv/lib/python3.11/site-packages/fastapi/routing.py:299: in app
    raise e
../venv/lib/python3.11/site-packages/fastapi/routing.py:294: in app
    raw_response = await run_endpoint_function(
../venv/lib/python3.11/site-packages/fastapi/routing.py:191: in run_endpoint_function
    return await dependant.call(**values)
app/api/v1/endpoints/projects.py:88: in create_project
    return await service.create_project(project)
app/application/services/project_service.py:28: in create_project
    return await self.repository.create(project)
app/infrastructure/repositories/project_repository.py:75: in create
    await self.db.commit()
../venv/lib/python3.11/site-packages/sqlalchemy/ext/asyncio/session.py:1000: in commit
    await greenlet_spawn(self.sync_session.commit)
../venv/lib/python3.11/site-packages/sqlalchemy/util/_concurrency_py3k.py:199: in greenlet_spawn
    result = context.switch(value)
../venv/lib/python3.11/site-packages/sqlalchemy/orm/session.py:1972: in commit
    trans.commit(_to_root=True)
&lt;string&gt;:2: in commit
    ???
../venv/lib/python3.11/site-packages/sqlalchemy/orm/state_changes.py:139: in _go
    ret_value = fn(self, *arg, **kw)
../venv/lib/python3.11/site-packages/sqlalchemy/orm/session.py:1257: in commit
    self._prepare_impl()
&lt;string&gt;:2: in _prepare_impl
    ???
../venv/lib/python3.11/site-packages/sqlalchemy/orm/state_changes.py:139: in _go
    ret_value = fn(self, *arg, **kw)
../venv/lib/python3.11/site-packages/sqlalchemy/orm/session.py:1232: in _prepare_impl
    self.session.flush()
../venv/lib/python3.11/site-packages/sqlalchemy/orm/session.py:4296: in flush
    self._flush(objects)
../venv/lib/python3.11/site-packages/sqlalchemy/orm/session.py:4431: in _flush
    with util.safe_reraise():
../venv/lib/python3.11/site-packages/sqlalchemy/util/langhelpers.py:146: in __exit__
    raise exc_value.with_traceback(exc_tb)
../venv/lib/python3.11/site-packages/sqlalchemy/orm/session.py:4392: in _flush
    flush_context.execute()
../venv/lib/python3.11/site-packages/sqlalchemy/orm/unitofwork.py:466: in execute
    rec.execute(self)
../venv/lib/python3.11/site-packages/sqlalchemy/orm/unitofwork.py:642: in execute
    util.preloaded.orm_persistence.save_obj(
../venv/lib/python3.11/site-packages/sqlalchemy/orm/persistence.py:93: in save_obj
    _emit_insert_statements(
../venv/lib/python3.11/site-packages/sqlalchemy/orm/persistence.py:1233: in _emit_insert_statements
    result = connection.execute(
../venv/lib/python3.11/site-packages/sqlalchemy/engine/base.py:1408: in execute
    return meth(
../venv/lib/python3.11/site-packages/sqlalchemy/sql/elements.py:513: in _execute_on_connection
    return connection._execute_clauseelement(
../venv/lib/python3.11/site-packages/sqlalchemy/engine/base.py:1630: in _execute_clauseelement
    ret = self._execute_context(
../venv/lib/python3.11/site-packages/sqlalchemy/engine/base.py:1839: in _execute_context
    return self._exec_single_context(
../venv/lib/python3.11/site-packages/sqlalchemy/engine/base.py:1979: in _exec_single_context
    self._handle_dbapi_exception(
../venv/lib/python3.11/site-packages/sqlalchemy/engine/base.py:2335: in _handle_dbapi_exception
    raise sqlalchemy_exception.with_traceback(exc_info[2]) from e
../venv/lib/python3.11/site-packages/sqlalchemy/engine/base.py:1960: in _exec_single_context
    self.dialect.do_execute(
../venv/lib/python3.11/site-packages/sqlalchemy/engine/default.py:924: in do_execute
    cursor.execute(statement, parameters)
../venv/lib/python3.11/site-packages/sqlalchemy/dialects/sqlite/aiosqlite.py:146: in execute
    self._adapt_connection._handle_exception(error)
../venv/lib/python3.11/site-packages/sqlalchemy/dialects/sqlite/aiosqlite.py:298: in _handle_exception
    raise error
../venv/lib/python3.11/site-packages/sqlalchemy/dialects/sqlite/aiosqlite.py:128: in execute
    self.await_(_cursor.execute(operation, parameters))
../venv/lib/python3.11/site-packages/sqlalchemy/util/_concurrency_py3k.py:127: in await_only
    return current.driver.switch(awaitable)  # type: ignore[no-any-return]
../venv/lib/python3.11/site-packages/sqlalchemy/util/_concurrency_py3k.py:192: in greenlet_spawn
    value = await result
../venv/lib/python3.11/site-packages/aiosqlite/cursor.py:48: in execute
    await self._execute(self._cursor.execute, sql, parameters)
../venv/lib/python3.11/site-packages/aiosqlite/cursor.py:40: in _execute
    return await self._conn._execute(fn, *args, **kwargs)
../venv/lib/python3.11/site-packages/aiosqlite/core.py:133: in _execute
    return await future
_ _ _ _ _ _ _ _ _ _ _ _ _ _ _ _ _ _ _ _ _ _ _ _ _ _ _ _ _ _ _ _ _ _ _ _ _ _ _ _ _ _ _ _ _ _ _ _ _ _ _ _ _ _

self = &lt;Connection(Thread-5, started daemon 13489057792)&gt;

    def run(self) -&gt; None:
        """
        Execute function calls on a separate thread.
    
        :meta private:
        """
        while True:
            # Continues running until all queue items are processed,
            # even after connection is closed (so we can finalize all
            # futures)
            try:
                future, function = self._tx.get(timeout=0.1)
            except Empty:
                if self._running:
                    continue
                break
            try:
                LOG.debug("executing %s", function)
&gt;               result = function()
E               sqlalchemy.exc.OperationalError: (sqlite3.OperationalError) no such table: projects
E               [SQL: INSERT INTO projects (id, title, description, created_at, updated_at) VALUES (?, ?, ?, ?, ?)]
E               [parameters: ('5fd525f9-e9c1-41bb-8b01-3640ec0bb5d3', 'Test Project', 'A test project for RAG queries', '2025-04-29 18:00:56.144060', '2025-04-29 18:00:56.144062')]
E               (Background on this error at: https://sqlalche.me/e/20/e3q8)

../venv/lib/python3.11/site-packages/aiosqlite/core.py:106: OperationalError</error></testcase><testcase classname="tests.integration.test_rag_queries" name="test_project_overview_queries[What is the project's current status?]" time="0.000"><error message="failed on setup with &quot;sqlalchemy.exc.OperationalError: (sqlite3.OperationalError) no such table: projects&#10;[SQL: INSERT INTO projects (id, title, description, created_at, updated_at) VALUES (?, ?, ?, ?, ?)]&#10;[parameters: ('5fd525f9-e9c1-41bb-8b01-3640ec0bb5d3', 'Test Project', 'A test project for RAG queries', '2025-04-29 18:00:56.144060', '2025-04-29 18:00:56.144062')]&#10;(Background on this error at: https://sqlalche.me/e/20/e3q8)&quot;">self = &lt;sqlalchemy.engine.base.Connection object at 0x142c8a650&gt;
dialect = &lt;sqlalchemy.dialects.sqlite.aiosqlite.SQLiteDialect_aiosqlite object at 0x13796c590&gt;
context = &lt;sqlalchemy.dialects.sqlite.aiosqlite.SQLiteExecutionContext_aiosqlite object at 0x142c8b350&gt;
statement = &lt;sqlalchemy.dialects.sqlite.base.SQLiteCompiler object at 0x142c8b3d0&gt;
parameters = [('5fd525f9-e9c1-41bb-8b01-3640ec0bb5d3', 'Test Project', 'A test project for RAG queries', '2025-04-29 18:00:56.144060', '2025-04-29 18:00:56.144062')]

    def _exec_single_context(
        self,
        dialect: Dialect,
        context: ExecutionContext,
        statement: Union[str, Compiled],
        parameters: Optional[_AnyMultiExecuteParams],
    ) -&gt; CursorResult[Any]:
        """continue the _execute_context() method for a single DBAPI
        cursor.execute() or cursor.executemany() call.
    
        """
        if dialect.bind_typing is BindTyping.SETINPUTSIZES:
            generic_setinputsizes = context._prepare_set_input_sizes()
    
            if generic_setinputsizes:
                try:
                    dialect.do_set_input_sizes(
                        context.cursor, generic_setinputsizes, context
                    )
                except BaseException as e:
                    self._handle_dbapi_exception(
                        e, str(statement), parameters, None, context
                    )
    
        cursor, str_statement, parameters = (
            context.cursor,
            context.statement,
            context.parameters,
        )
    
        effective_parameters: Optional[_AnyExecuteParams]
    
        if not context.executemany:
            effective_parameters = parameters[0]
        else:
            effective_parameters = parameters
    
        if self._has_events or self.engine._has_events:
            for fn in self.dispatch.before_cursor_execute:
                str_statement, effective_parameters = fn(
                    self,
                    cursor,
                    str_statement,
                    effective_parameters,
                    context,
                    context.executemany,
                )
    
        if self._echo:
            self._log_info(str_statement)
    
            stats = context._get_cache_stats()
    
            if not self.engine.hide_parameters:
                self._log_info(
                    "[%s] %r",
                    stats,
                    sql_util._repr_params(
                        effective_parameters,
                        batches=10,
                        ismulti=context.executemany,
                    ),
                )
            else:
                self._log_info(
                    "[%s] [SQL parameters hidden due to hide_parameters=True]",
                    stats,
                )
    
        evt_handled: bool = False
        try:
            if context.execute_style is ExecuteStyle.EXECUTEMANY:
                effective_parameters = cast(
                    "_CoreMultiExecuteParams", effective_parameters
                )
                if self.dialect._has_events:
                    for fn in self.dialect.dispatch.do_executemany:
                        if fn(
                            cursor,
                            str_statement,
                            effective_parameters,
                            context,
                        ):
                            evt_handled = True
                            break
                if not evt_handled:
                    self.dialect.do_executemany(
                        cursor,
                        str_statement,
                        effective_parameters,
                        context,
                    )
            elif not effective_parameters and context.no_parameters:
                if self.dialect._has_events:
                    for fn in self.dialect.dispatch.do_execute_no_params:
                        if fn(cursor, str_statement, context):
                            evt_handled = True
                            break
                if not evt_handled:
                    self.dialect.do_execute_no_params(
                        cursor, str_statement, context
                    )
            else:
                effective_parameters = cast(
                    "_CoreSingleExecuteParams", effective_parameters
                )
                if self.dialect._has_events:
                    for fn in self.dialect.dispatch.do_execute:
                        if fn(
                            cursor,
                            str_statement,
                            effective_parameters,
                            context,
                        ):
                            evt_handled = True
                            break
                if not evt_handled:
&gt;                   self.dialect.do_execute(
                        cursor, str_statement, effective_parameters, context
                    )

../venv/lib/python3.11/site-packages/sqlalchemy/engine/base.py:1960: 
_ _ _ _ _ _ _ _ _ _ _ _ _ _ _ _ _ _ _ _ _ _ _ _ _ _ _ _ _ _ _ _ _ _ _ _ _ _ _ _ _ _ _ _ _ _ _ _ _ _ _ _ _ _
../venv/lib/python3.11/site-packages/sqlalchemy/engine/default.py:924: in do_execute
    cursor.execute(statement, parameters)
../venv/lib/python3.11/site-packages/sqlalchemy/dialects/sqlite/aiosqlite.py:146: in execute
    self._adapt_connection._handle_exception(error)
../venv/lib/python3.11/site-packages/sqlalchemy/dialects/sqlite/aiosqlite.py:298: in _handle_exception
    raise error
../venv/lib/python3.11/site-packages/sqlalchemy/dialects/sqlite/aiosqlite.py:128: in execute
    self.await_(_cursor.execute(operation, parameters))
../venv/lib/python3.11/site-packages/sqlalchemy/util/_concurrency_py3k.py:127: in await_only
    return current.driver.switch(awaitable)  # type: ignore[no-any-return]
../venv/lib/python3.11/site-packages/sqlalchemy/util/_concurrency_py3k.py:192: in greenlet_spawn
    value = await result
../venv/lib/python3.11/site-packages/aiosqlite/cursor.py:48: in execute
    await self._execute(self._cursor.execute, sql, parameters)
../venv/lib/python3.11/site-packages/aiosqlite/cursor.py:40: in _execute
    return await self._conn._execute(fn, *args, **kwargs)
../venv/lib/python3.11/site-packages/aiosqlite/core.py:133: in _execute
    return await future
_ _ _ _ _ _ _ _ _ _ _ _ _ _ _ _ _ _ _ _ _ _ _ _ _ _ _ _ _ _ _ _ _ _ _ _ _ _ _ _ _ _ _ _ _ _ _ _ _ _ _ _ _ _

self = &lt;Connection(Thread-5, started daemon 13489057792)&gt;

    def run(self) -&gt; None:
        """
        Execute function calls on a separate thread.
    
        :meta private:
        """
        while True:
            # Continues running until all queue items are processed,
            # even after connection is closed (so we can finalize all
            # futures)
            try:
                future, function = self._tx.get(timeout=0.1)
            except Empty:
                if self._running:
                    continue
                break
            try:
                LOG.debug("executing %s", function)
&gt;               result = function()
E               sqlite3.OperationalError: no such table: projects

../venv/lib/python3.11/site-packages/aiosqlite/core.py:106: OperationalError

The above exception was the direct cause of the following exception:

client = &lt;starlette.testclient.TestClient object at 0x142a88090&gt;

    @pytest.fixture(scope="module")
    def setup_project_and_conversation(client):
        # Create project
&gt;       response = client.post(
            "/api/v1/projects/",
            json={"title": "Test Project", "description": "A test project for RAG queries"}
        )

tests/integration/test_rag_queries.py:144: 
_ _ _ _ _ _ _ _ _ _ _ _ _ _ _ _ _ _ _ _ _ _ _ _ _ _ _ _ _ _ _ _ _ _ _ _ _ _ _ _ _ _ _ _ _ _ _ _ _ _ _ _ _ _
../venv/lib/python3.11/site-packages/starlette/testclient.py:608: in post
    return super().post(
../venv/lib/python3.11/site-packages/httpx/_client.py:1145: in post
    return self.request(
../venv/lib/python3.11/site-packages/starlette/testclient.py:491: in request
    return super().request(
../venv/lib/python3.11/site-packages/httpx/_client.py:827: in request
    return self.send(request, auth=auth, follow_redirects=follow_redirects)
../venv/lib/python3.11/site-packages/httpx/_client.py:914: in send
    response = self._send_handling_auth(
../venv/lib/python3.11/site-packages/httpx/_client.py:942: in _send_handling_auth
    response = self._send_handling_redirects(
../venv/lib/python3.11/site-packages/httpx/_client.py:979: in _send_handling_redirects
    response = self._send_single_request(request)
../venv/lib/python3.11/site-packages/httpx/_client.py:1015: in _send_single_request
    response = transport.handle_request(request)
../venv/lib/python3.11/site-packages/starlette/testclient.py:372: in handle_request
    raise exc
../venv/lib/python3.11/site-packages/starlette/testclient.py:369: in handle_request
    portal.call(self.app, scope, receive, send)
../venv/lib/python3.11/site-packages/anyio/from_thread.py:290: in call
    return cast(T_Retval, self.start_task_soon(func, *args).result())
../../../../.pyenv/versions/3.11.11/lib/python3.11/concurrent/futures/_base.py:456: in result
    return self.__get_result()
../../../../.pyenv/versions/3.11.11/lib/python3.11/concurrent/futures/_base.py:401: in __get_result
    raise self._exception
../venv/lib/python3.11/site-packages/anyio/from_thread.py:221: in _call_func
    retval = await retval_or_awaitable
../venv/lib/python3.11/site-packages/fastapi/applications.py:1054: in __call__
    await super().__call__(scope, receive, send)
../venv/lib/python3.11/site-packages/starlette/applications.py:123: in __call__
    await self.middleware_stack(scope, receive, send)
../venv/lib/python3.11/site-packages/starlette/middleware/errors.py:186: in __call__
    raise exc
../venv/lib/python3.11/site-packages/starlette/middleware/errors.py:164: in __call__
    await self.app(scope, receive, _send)
../venv/lib/python3.11/site-packages/starlette/middleware/cors.py:83: in __call__
    await self.app(scope, receive, send)
../venv/lib/python3.11/site-packages/starlette/middleware/exceptions.py:62: in __call__
    await wrap_app_handling_exceptions(self.app, conn)(scope, receive, send)
../venv/lib/python3.11/site-packages/starlette/_exception_handler.py:64: in wrapped_app
    raise exc
../venv/lib/python3.11/site-packages/starlette/_exception_handler.py:53: in wrapped_app
    await app(scope, receive, sender)
../venv/lib/python3.11/site-packages/starlette/routing.py:758: in __call__
    await self.middleware_stack(scope, receive, send)
../venv/lib/python3.11/site-packages/starlette/routing.py:778: in app
    await route.handle(scope, receive, send)
../venv/lib/python3.11/site-packages/starlette/routing.py:299: in handle
    await self.app(scope, receive, send)
../venv/lib/python3.11/site-packages/starlette/routing.py:79: in app
    await wrap_app_handling_exceptions(app, request)(scope, receive, send)
../venv/lib/python3.11/site-packages/starlette/_exception_handler.py:64: in wrapped_app
    raise exc
../venv/lib/python3.11/site-packages/starlette/_exception_handler.py:53: in wrapped_app
    await app(scope, receive, sender)
../venv/lib/python3.11/site-packages/starlette/routing.py:74: in app
    response = await func(request)
../venv/lib/python3.11/site-packages/fastapi/routing.py:299: in app
    raise e
../venv/lib/python3.11/site-packages/fastapi/routing.py:294: in app
    raw_response = await run_endpoint_function(
../venv/lib/python3.11/site-packages/fastapi/routing.py:191: in run_endpoint_function
    return await dependant.call(**values)
app/api/v1/endpoints/projects.py:88: in create_project
    return await service.create_project(project)
app/application/services/project_service.py:28: in create_project
    return await self.repository.create(project)
app/infrastructure/repositories/project_repository.py:75: in create
    await self.db.commit()
../venv/lib/python3.11/site-packages/sqlalchemy/ext/asyncio/session.py:1000: in commit
    await greenlet_spawn(self.sync_session.commit)
../venv/lib/python3.11/site-packages/sqlalchemy/util/_concurrency_py3k.py:199: in greenlet_spawn
    result = context.switch(value)
../venv/lib/python3.11/site-packages/sqlalchemy/orm/session.py:1972: in commit
    trans.commit(_to_root=True)
&lt;string&gt;:2: in commit
    ???
../venv/lib/python3.11/site-packages/sqlalchemy/orm/state_changes.py:139: in _go
    ret_value = fn(self, *arg, **kw)
../venv/lib/python3.11/site-packages/sqlalchemy/orm/session.py:1257: in commit
    self._prepare_impl()
&lt;string&gt;:2: in _prepare_impl
    ???
../venv/lib/python3.11/site-packages/sqlalchemy/orm/state_changes.py:139: in _go
    ret_value = fn(self, *arg, **kw)
../venv/lib/python3.11/site-packages/sqlalchemy/orm/session.py:1232: in _prepare_impl
    self.session.flush()
../venv/lib/python3.11/site-packages/sqlalchemy/orm/session.py:4296: in flush
    self._flush(objects)
../venv/lib/python3.11/site-packages/sqlalchemy/orm/session.py:4431: in _flush
    with util.safe_reraise():
../venv/lib/python3.11/site-packages/sqlalchemy/util/langhelpers.py:146: in __exit__
    raise exc_value.with_traceback(exc_tb)
../venv/lib/python3.11/site-packages/sqlalchemy/orm/session.py:4392: in _flush
    flush_context.execute()
../venv/lib/python3.11/site-packages/sqlalchemy/orm/unitofwork.py:466: in execute
    rec.execute(self)
../venv/lib/python3.11/site-packages/sqlalchemy/orm/unitofwork.py:642: in execute
    util.preloaded.orm_persistence.save_obj(
../venv/lib/python3.11/site-packages/sqlalchemy/orm/persistence.py:93: in save_obj
    _emit_insert_statements(
../venv/lib/python3.11/site-packages/sqlalchemy/orm/persistence.py:1233: in _emit_insert_statements
    result = connection.execute(
../venv/lib/python3.11/site-packages/sqlalchemy/engine/base.py:1408: in execute
    return meth(
../venv/lib/python3.11/site-packages/sqlalchemy/sql/elements.py:513: in _execute_on_connection
    return connection._execute_clauseelement(
../venv/lib/python3.11/site-packages/sqlalchemy/engine/base.py:1630: in _execute_clauseelement
    ret = self._execute_context(
../venv/lib/python3.11/site-packages/sqlalchemy/engine/base.py:1839: in _execute_context
    return self._exec_single_context(
../venv/lib/python3.11/site-packages/sqlalchemy/engine/base.py:1979: in _exec_single_context
    self._handle_dbapi_exception(
../venv/lib/python3.11/site-packages/sqlalchemy/engine/base.py:2335: in _handle_dbapi_exception
    raise sqlalchemy_exception.with_traceback(exc_info[2]) from e
../venv/lib/python3.11/site-packages/sqlalchemy/engine/base.py:1960: in _exec_single_context
    self.dialect.do_execute(
../venv/lib/python3.11/site-packages/sqlalchemy/engine/default.py:924: in do_execute
    cursor.execute(statement, parameters)
../venv/lib/python3.11/site-packages/sqlalchemy/dialects/sqlite/aiosqlite.py:146: in execute
    self._adapt_connection._handle_exception(error)
../venv/lib/python3.11/site-packages/sqlalchemy/dialects/sqlite/aiosqlite.py:298: in _handle_exception
    raise error
../venv/lib/python3.11/site-packages/sqlalchemy/dialects/sqlite/aiosqlite.py:128: in execute
    self.await_(_cursor.execute(operation, parameters))
../venv/lib/python3.11/site-packages/sqlalchemy/util/_concurrency_py3k.py:127: in await_only
    return current.driver.switch(awaitable)  # type: ignore[no-any-return]
../venv/lib/python3.11/site-packages/sqlalchemy/util/_concurrency_py3k.py:192: in greenlet_spawn
    value = await result
../venv/lib/python3.11/site-packages/aiosqlite/cursor.py:48: in execute
    await self._execute(self._cursor.execute, sql, parameters)
../venv/lib/python3.11/site-packages/aiosqlite/cursor.py:40: in _execute
    return await self._conn._execute(fn, *args, **kwargs)
../venv/lib/python3.11/site-packages/aiosqlite/core.py:133: in _execute
    return await future
_ _ _ _ _ _ _ _ _ _ _ _ _ _ _ _ _ _ _ _ _ _ _ _ _ _ _ _ _ _ _ _ _ _ _ _ _ _ _ _ _ _ _ _ _ _ _ _ _ _ _ _ _ _

self = &lt;Connection(Thread-5, started daemon 13489057792)&gt;

    def run(self) -&gt; None:
        """
        Execute function calls on a separate thread.
    
        :meta private:
        """
        while True:
            # Continues running until all queue items are processed,
            # even after connection is closed (so we can finalize all
            # futures)
            try:
                future, function = self._tx.get(timeout=0.1)
            except Empty:
                if self._running:
                    continue
                break
            try:
                LOG.debug("executing %s", function)
&gt;               result = function()
E               sqlalchemy.exc.OperationalError: (sqlite3.OperationalError) no such table: projects
E               [SQL: INSERT INTO projects (id, title, description, created_at, updated_at) VALUES (?, ?, ?, ?, ?)]
E               [parameters: ('5fd525f9-e9c1-41bb-8b01-3640ec0bb5d3', 'Test Project', 'A test project for RAG queries', '2025-04-29 18:00:56.144060', '2025-04-29 18:00:56.144062')]
E               (Background on this error at: https://sqlalche.me/e/20/e3q8)

../venv/lib/python3.11/site-packages/aiosqlite/core.py:106: OperationalError</error></testcase><testcase classname="tests.integration.test_rag_queries" name="test_project_overview_queries[What are the most active areas of development?]" time="0.000"><error message="failed on setup with &quot;sqlalchemy.exc.OperationalError: (sqlite3.OperationalError) no such table: projects&#10;[SQL: INSERT INTO projects (id, title, description, created_at, updated_at) VALUES (?, ?, ?, ?, ?)]&#10;[parameters: ('5fd525f9-e9c1-41bb-8b01-3640ec0bb5d3', 'Test Project', 'A test project for RAG queries', '2025-04-29 18:00:56.144060', '2025-04-29 18:00:56.144062')]&#10;(Background on this error at: https://sqlalche.me/e/20/e3q8)&quot;">self = &lt;sqlalchemy.engine.base.Connection object at 0x142c8a650&gt;
dialect = &lt;sqlalchemy.dialects.sqlite.aiosqlite.SQLiteDialect_aiosqlite object at 0x13796c590&gt;
context = &lt;sqlalchemy.dialects.sqlite.aiosqlite.SQLiteExecutionContext_aiosqlite object at 0x142c8b350&gt;
statement = &lt;sqlalchemy.dialects.sqlite.base.SQLiteCompiler object at 0x142c8b3d0&gt;
parameters = [('5fd525f9-e9c1-41bb-8b01-3640ec0bb5d3', 'Test Project', 'A test project for RAG queries', '2025-04-29 18:00:56.144060', '2025-04-29 18:00:56.144062')]

    def _exec_single_context(
        self,
        dialect: Dialect,
        context: ExecutionContext,
        statement: Union[str, Compiled],
        parameters: Optional[_AnyMultiExecuteParams],
    ) -&gt; CursorResult[Any]:
        """continue the _execute_context() method for a single DBAPI
        cursor.execute() or cursor.executemany() call.
    
        """
        if dialect.bind_typing is BindTyping.SETINPUTSIZES:
            generic_setinputsizes = context._prepare_set_input_sizes()
    
            if generic_setinputsizes:
                try:
                    dialect.do_set_input_sizes(
                        context.cursor, generic_setinputsizes, context
                    )
                except BaseException as e:
                    self._handle_dbapi_exception(
                        e, str(statement), parameters, None, context
                    )
    
        cursor, str_statement, parameters = (
            context.cursor,
            context.statement,
            context.parameters,
        )
    
        effective_parameters: Optional[_AnyExecuteParams]
    
        if not context.executemany:
            effective_parameters = parameters[0]
        else:
            effective_parameters = parameters
    
        if self._has_events or self.engine._has_events:
            for fn in self.dispatch.before_cursor_execute:
                str_statement, effective_parameters = fn(
                    self,
                    cursor,
                    str_statement,
                    effective_parameters,
                    context,
                    context.executemany,
                )
    
        if self._echo:
            self._log_info(str_statement)
    
            stats = context._get_cache_stats()
    
            if not self.engine.hide_parameters:
                self._log_info(
                    "[%s] %r",
                    stats,
                    sql_util._repr_params(
                        effective_parameters,
                        batches=10,
                        ismulti=context.executemany,
                    ),
                )
            else:
                self._log_info(
                    "[%s] [SQL parameters hidden due to hide_parameters=True]",
                    stats,
                )
    
        evt_handled: bool = False
        try:
            if context.execute_style is ExecuteStyle.EXECUTEMANY:
                effective_parameters = cast(
                    "_CoreMultiExecuteParams", effective_parameters
                )
                if self.dialect._has_events:
                    for fn in self.dialect.dispatch.do_executemany:
                        if fn(
                            cursor,
                            str_statement,
                            effective_parameters,
                            context,
                        ):
                            evt_handled = True
                            break
                if not evt_handled:
                    self.dialect.do_executemany(
                        cursor,
                        str_statement,
                        effective_parameters,
                        context,
                    )
            elif not effective_parameters and context.no_parameters:
                if self.dialect._has_events:
                    for fn in self.dialect.dispatch.do_execute_no_params:
                        if fn(cursor, str_statement, context):
                            evt_handled = True
                            break
                if not evt_handled:
                    self.dialect.do_execute_no_params(
                        cursor, str_statement, context
                    )
            else:
                effective_parameters = cast(
                    "_CoreSingleExecuteParams", effective_parameters
                )
                if self.dialect._has_events:
                    for fn in self.dialect.dispatch.do_execute:
                        if fn(
                            cursor,
                            str_statement,
                            effective_parameters,
                            context,
                        ):
                            evt_handled = True
                            break
                if not evt_handled:
&gt;                   self.dialect.do_execute(
                        cursor, str_statement, effective_parameters, context
                    )

../venv/lib/python3.11/site-packages/sqlalchemy/engine/base.py:1960: 
_ _ _ _ _ _ _ _ _ _ _ _ _ _ _ _ _ _ _ _ _ _ _ _ _ _ _ _ _ _ _ _ _ _ _ _ _ _ _ _ _ _ _ _ _ _ _ _ _ _ _ _ _ _
../venv/lib/python3.11/site-packages/sqlalchemy/engine/default.py:924: in do_execute
    cursor.execute(statement, parameters)
../venv/lib/python3.11/site-packages/sqlalchemy/dialects/sqlite/aiosqlite.py:146: in execute
    self._adapt_connection._handle_exception(error)
../venv/lib/python3.11/site-packages/sqlalchemy/dialects/sqlite/aiosqlite.py:298: in _handle_exception
    raise error
../venv/lib/python3.11/site-packages/sqlalchemy/dialects/sqlite/aiosqlite.py:128: in execute
    self.await_(_cursor.execute(operation, parameters))
../venv/lib/python3.11/site-packages/sqlalchemy/util/_concurrency_py3k.py:127: in await_only
    return current.driver.switch(awaitable)  # type: ignore[no-any-return]
../venv/lib/python3.11/site-packages/sqlalchemy/util/_concurrency_py3k.py:192: in greenlet_spawn
    value = await result
../venv/lib/python3.11/site-packages/aiosqlite/cursor.py:48: in execute
    await self._execute(self._cursor.execute, sql, parameters)
../venv/lib/python3.11/site-packages/aiosqlite/cursor.py:40: in _execute
    return await self._conn._execute(fn, *args, **kwargs)
../venv/lib/python3.11/site-packages/aiosqlite/core.py:133: in _execute
    return await future
_ _ _ _ _ _ _ _ _ _ _ _ _ _ _ _ _ _ _ _ _ _ _ _ _ _ _ _ _ _ _ _ _ _ _ _ _ _ _ _ _ _ _ _ _ _ _ _ _ _ _ _ _ _

self = &lt;Connection(Thread-5, started daemon 13489057792)&gt;

    def run(self) -&gt; None:
        """
        Execute function calls on a separate thread.
    
        :meta private:
        """
        while True:
            # Continues running until all queue items are processed,
            # even after connection is closed (so we can finalize all
            # futures)
            try:
                future, function = self._tx.get(timeout=0.1)
            except Empty:
                if self._running:
                    continue
                break
            try:
                LOG.debug("executing %s", function)
&gt;               result = function()
E               sqlite3.OperationalError: no such table: projects

../venv/lib/python3.11/site-packages/aiosqlite/core.py:106: OperationalError

The above exception was the direct cause of the following exception:

client = &lt;starlette.testclient.TestClient object at 0x142a88090&gt;

    @pytest.fixture(scope="module")
    def setup_project_and_conversation(client):
        # Create project
&gt;       response = client.post(
            "/api/v1/projects/",
            json={"title": "Test Project", "description": "A test project for RAG queries"}
        )

tests/integration/test_rag_queries.py:144: 
_ _ _ _ _ _ _ _ _ _ _ _ _ _ _ _ _ _ _ _ _ _ _ _ _ _ _ _ _ _ _ _ _ _ _ _ _ _ _ _ _ _ _ _ _ _ _ _ _ _ _ _ _ _
../venv/lib/python3.11/site-packages/starlette/testclient.py:608: in post
    return super().post(
../venv/lib/python3.11/site-packages/httpx/_client.py:1145: in post
    return self.request(
../venv/lib/python3.11/site-packages/starlette/testclient.py:491: in request
    return super().request(
../venv/lib/python3.11/site-packages/httpx/_client.py:827: in request
    return self.send(request, auth=auth, follow_redirects=follow_redirects)
../venv/lib/python3.11/site-packages/httpx/_client.py:914: in send
    response = self._send_handling_auth(
../venv/lib/python3.11/site-packages/httpx/_client.py:942: in _send_handling_auth
    response = self._send_handling_redirects(
../venv/lib/python3.11/site-packages/httpx/_client.py:979: in _send_handling_redirects
    response = self._send_single_request(request)
../venv/lib/python3.11/site-packages/httpx/_client.py:1015: in _send_single_request
    response = transport.handle_request(request)
../venv/lib/python3.11/site-packages/starlette/testclient.py:372: in handle_request
    raise exc
../venv/lib/python3.11/site-packages/starlette/testclient.py:369: in handle_request
    portal.call(self.app, scope, receive, send)
../venv/lib/python3.11/site-packages/anyio/from_thread.py:290: in call
    return cast(T_Retval, self.start_task_soon(func, *args).result())
../../../../.pyenv/versions/3.11.11/lib/python3.11/concurrent/futures/_base.py:456: in result
    return self.__get_result()
../../../../.pyenv/versions/3.11.11/lib/python3.11/concurrent/futures/_base.py:401: in __get_result
    raise self._exception
../venv/lib/python3.11/site-packages/anyio/from_thread.py:221: in _call_func
    retval = await retval_or_awaitable
../venv/lib/python3.11/site-packages/fastapi/applications.py:1054: in __call__
    await super().__call__(scope, receive, send)
../venv/lib/python3.11/site-packages/starlette/applications.py:123: in __call__
    await self.middleware_stack(scope, receive, send)
../venv/lib/python3.11/site-packages/starlette/middleware/errors.py:186: in __call__
    raise exc
../venv/lib/python3.11/site-packages/starlette/middleware/errors.py:164: in __call__
    await self.app(scope, receive, _send)
../venv/lib/python3.11/site-packages/starlette/middleware/cors.py:83: in __call__
    await self.app(scope, receive, send)
../venv/lib/python3.11/site-packages/starlette/middleware/exceptions.py:62: in __call__
    await wrap_app_handling_exceptions(self.app, conn)(scope, receive, send)
../venv/lib/python3.11/site-packages/starlette/_exception_handler.py:64: in wrapped_app
    raise exc
../venv/lib/python3.11/site-packages/starlette/_exception_handler.py:53: in wrapped_app
    await app(scope, receive, sender)
../venv/lib/python3.11/site-packages/starlette/routing.py:758: in __call__
    await self.middleware_stack(scope, receive, send)
../venv/lib/python3.11/site-packages/starlette/routing.py:778: in app
    await route.handle(scope, receive, send)
../venv/lib/python3.11/site-packages/starlette/routing.py:299: in handle
    await self.app(scope, receive, send)
../venv/lib/python3.11/site-packages/starlette/routing.py:79: in app
    await wrap_app_handling_exceptions(app, request)(scope, receive, send)
../venv/lib/python3.11/site-packages/starlette/_exception_handler.py:64: in wrapped_app
    raise exc
../venv/lib/python3.11/site-packages/starlette/_exception_handler.py:53: in wrapped_app
    await app(scope, receive, sender)
../venv/lib/python3.11/site-packages/starlette/routing.py:74: in app
    response = await func(request)
../venv/lib/python3.11/site-packages/fastapi/routing.py:299: in app
    raise e
../venv/lib/python3.11/site-packages/fastapi/routing.py:294: in app
    raw_response = await run_endpoint_function(
../venv/lib/python3.11/site-packages/fastapi/routing.py:191: in run_endpoint_function
    return await dependant.call(**values)
app/api/v1/endpoints/projects.py:88: in create_project
    return await service.create_project(project)
app/application/services/project_service.py:28: in create_project
    return await self.repository.create(project)
app/infrastructure/repositories/project_repository.py:75: in create
    await self.db.commit()
../venv/lib/python3.11/site-packages/sqlalchemy/ext/asyncio/session.py:1000: in commit
    await greenlet_spawn(self.sync_session.commit)
../venv/lib/python3.11/site-packages/sqlalchemy/util/_concurrency_py3k.py:199: in greenlet_spawn
    result = context.switch(value)
../venv/lib/python3.11/site-packages/sqlalchemy/orm/session.py:1972: in commit
    trans.commit(_to_root=True)
&lt;string&gt;:2: in commit
    ???
../venv/lib/python3.11/site-packages/sqlalchemy/orm/state_changes.py:139: in _go
    ret_value = fn(self, *arg, **kw)
../venv/lib/python3.11/site-packages/sqlalchemy/orm/session.py:1257: in commit
    self._prepare_impl()
&lt;string&gt;:2: in _prepare_impl
    ???
../venv/lib/python3.11/site-packages/sqlalchemy/orm/state_changes.py:139: in _go
    ret_value = fn(self, *arg, **kw)
../venv/lib/python3.11/site-packages/sqlalchemy/orm/session.py:1232: in _prepare_impl
    self.session.flush()
../venv/lib/python3.11/site-packages/sqlalchemy/orm/session.py:4296: in flush
    self._flush(objects)
../venv/lib/python3.11/site-packages/sqlalchemy/orm/session.py:4431: in _flush
    with util.safe_reraise():
../venv/lib/python3.11/site-packages/sqlalchemy/util/langhelpers.py:146: in __exit__
    raise exc_value.with_traceback(exc_tb)
../venv/lib/python3.11/site-packages/sqlalchemy/orm/session.py:4392: in _flush
    flush_context.execute()
../venv/lib/python3.11/site-packages/sqlalchemy/orm/unitofwork.py:466: in execute
    rec.execute(self)
../venv/lib/python3.11/site-packages/sqlalchemy/orm/unitofwork.py:642: in execute
    util.preloaded.orm_persistence.save_obj(
../venv/lib/python3.11/site-packages/sqlalchemy/orm/persistence.py:93: in save_obj
    _emit_insert_statements(
../venv/lib/python3.11/site-packages/sqlalchemy/orm/persistence.py:1233: in _emit_insert_statements
    result = connection.execute(
../venv/lib/python3.11/site-packages/sqlalchemy/engine/base.py:1408: in execute
    return meth(
../venv/lib/python3.11/site-packages/sqlalchemy/sql/elements.py:513: in _execute_on_connection
    return connection._execute_clauseelement(
../venv/lib/python3.11/site-packages/sqlalchemy/engine/base.py:1630: in _execute_clauseelement
    ret = self._execute_context(
../venv/lib/python3.11/site-packages/sqlalchemy/engine/base.py:1839: in _execute_context
    return self._exec_single_context(
../venv/lib/python3.11/site-packages/sqlalchemy/engine/base.py:1979: in _exec_single_context
    self._handle_dbapi_exception(
../venv/lib/python3.11/site-packages/sqlalchemy/engine/base.py:2335: in _handle_dbapi_exception
    raise sqlalchemy_exception.with_traceback(exc_info[2]) from e
../venv/lib/python3.11/site-packages/sqlalchemy/engine/base.py:1960: in _exec_single_context
    self.dialect.do_execute(
../venv/lib/python3.11/site-packages/sqlalchemy/engine/default.py:924: in do_execute
    cursor.execute(statement, parameters)
../venv/lib/python3.11/site-packages/sqlalchemy/dialects/sqlite/aiosqlite.py:146: in execute
    self._adapt_connection._handle_exception(error)
../venv/lib/python3.11/site-packages/sqlalchemy/dialects/sqlite/aiosqlite.py:298: in _handle_exception
    raise error
../venv/lib/python3.11/site-packages/sqlalchemy/dialects/sqlite/aiosqlite.py:128: in execute
    self.await_(_cursor.execute(operation, parameters))
../venv/lib/python3.11/site-packages/sqlalchemy/util/_concurrency_py3k.py:127: in await_only
    return current.driver.switch(awaitable)  # type: ignore[no-any-return]
../venv/lib/python3.11/site-packages/sqlalchemy/util/_concurrency_py3k.py:192: in greenlet_spawn
    value = await result
../venv/lib/python3.11/site-packages/aiosqlite/cursor.py:48: in execute
    await self._execute(self._cursor.execute, sql, parameters)
../venv/lib/python3.11/site-packages/aiosqlite/cursor.py:40: in _execute
    return await self._conn._execute(fn, *args, **kwargs)
../venv/lib/python3.11/site-packages/aiosqlite/core.py:133: in _execute
    return await future
_ _ _ _ _ _ _ _ _ _ _ _ _ _ _ _ _ _ _ _ _ _ _ _ _ _ _ _ _ _ _ _ _ _ _ _ _ _ _ _ _ _ _ _ _ _ _ _ _ _ _ _ _ _

self = &lt;Connection(Thread-5, started daemon 13489057792)&gt;

    def run(self) -&gt; None:
        """
        Execute function calls on a separate thread.
    
        :meta private:
        """
        while True:
            # Continues running until all queue items are processed,
            # even after connection is closed (so we can finalize all
            # futures)
            try:
                future, function = self._tx.get(timeout=0.1)
            except Empty:
                if self._running:
                    continue
                break
            try:
                LOG.debug("executing %s", function)
&gt;               result = function()
E               sqlalchemy.exc.OperationalError: (sqlite3.OperationalError) no such table: projects
E               [SQL: INSERT INTO projects (id, title, description, created_at, updated_at) VALUES (?, ?, ?, ?, ?)]
E               [parameters: ('5fd525f9-e9c1-41bb-8b01-3640ec0bb5d3', 'Test Project', 'A test project for RAG queries', '2025-04-29 18:00:56.144060', '2025-04-29 18:00:56.144062')]
E               (Background on this error at: https://sqlalche.me/e/20/e3q8)

../venv/lib/python3.11/site-packages/aiosqlite/core.py:106: OperationalError</error></testcase><testcase classname="tests.integration.test_rag_queries" name="test_project_overview_queries[What are the key milestones or deadlines?]" time="0.000"><error message="failed on setup with &quot;sqlalchemy.exc.OperationalError: (sqlite3.OperationalError) no such table: projects&#10;[SQL: INSERT INTO projects (id, title, description, created_at, updated_at) VALUES (?, ?, ?, ?, ?)]&#10;[parameters: ('5fd525f9-e9c1-41bb-8b01-3640ec0bb5d3', 'Test Project', 'A test project for RAG queries', '2025-04-29 18:00:56.144060', '2025-04-29 18:00:56.144062')]&#10;(Background on this error at: https://sqlalche.me/e/20/e3q8)&quot;">self = &lt;sqlalchemy.engine.base.Connection object at 0x142c8a650&gt;
dialect = &lt;sqlalchemy.dialects.sqlite.aiosqlite.SQLiteDialect_aiosqlite object at 0x13796c590&gt;
context = &lt;sqlalchemy.dialects.sqlite.aiosqlite.SQLiteExecutionContext_aiosqlite object at 0x142c8b350&gt;
statement = &lt;sqlalchemy.dialects.sqlite.base.SQLiteCompiler object at 0x142c8b3d0&gt;
parameters = [('5fd525f9-e9c1-41bb-8b01-3640ec0bb5d3', 'Test Project', 'A test project for RAG queries', '2025-04-29 18:00:56.144060', '2025-04-29 18:00:56.144062')]

    def _exec_single_context(
        self,
        dialect: Dialect,
        context: ExecutionContext,
        statement: Union[str, Compiled],
        parameters: Optional[_AnyMultiExecuteParams],
    ) -&gt; CursorResult[Any]:
        """continue the _execute_context() method for a single DBAPI
        cursor.execute() or cursor.executemany() call.
    
        """
        if dialect.bind_typing is BindTyping.SETINPUTSIZES:
            generic_setinputsizes = context._prepare_set_input_sizes()
    
            if generic_setinputsizes:
                try:
                    dialect.do_set_input_sizes(
                        context.cursor, generic_setinputsizes, context
                    )
                except BaseException as e:
                    self._handle_dbapi_exception(
                        e, str(statement), parameters, None, context
                    )
    
        cursor, str_statement, parameters = (
            context.cursor,
            context.statement,
            context.parameters,
        )
    
        effective_parameters: Optional[_AnyExecuteParams]
    
        if not context.executemany:
            effective_parameters = parameters[0]
        else:
            effective_parameters = parameters
    
        if self._has_events or self.engine._has_events:
            for fn in self.dispatch.before_cursor_execute:
                str_statement, effective_parameters = fn(
                    self,
                    cursor,
                    str_statement,
                    effective_parameters,
                    context,
                    context.executemany,
                )
    
        if self._echo:
            self._log_info(str_statement)
    
            stats = context._get_cache_stats()
    
            if not self.engine.hide_parameters:
                self._log_info(
                    "[%s] %r",
                    stats,
                    sql_util._repr_params(
                        effective_parameters,
                        batches=10,
                        ismulti=context.executemany,
                    ),
                )
            else:
                self._log_info(
                    "[%s] [SQL parameters hidden due to hide_parameters=True]",
                    stats,
                )
    
        evt_handled: bool = False
        try:
            if context.execute_style is ExecuteStyle.EXECUTEMANY:
                effective_parameters = cast(
                    "_CoreMultiExecuteParams", effective_parameters
                )
                if self.dialect._has_events:
                    for fn in self.dialect.dispatch.do_executemany:
                        if fn(
                            cursor,
                            str_statement,
                            effective_parameters,
                            context,
                        ):
                            evt_handled = True
                            break
                if not evt_handled:
                    self.dialect.do_executemany(
                        cursor,
                        str_statement,
                        effective_parameters,
                        context,
                    )
            elif not effective_parameters and context.no_parameters:
                if self.dialect._has_events:
                    for fn in self.dialect.dispatch.do_execute_no_params:
                        if fn(cursor, str_statement, context):
                            evt_handled = True
                            break
                if not evt_handled:
                    self.dialect.do_execute_no_params(
                        cursor, str_statement, context
                    )
            else:
                effective_parameters = cast(
                    "_CoreSingleExecuteParams", effective_parameters
                )
                if self.dialect._has_events:
                    for fn in self.dialect.dispatch.do_execute:
                        if fn(
                            cursor,
                            str_statement,
                            effective_parameters,
                            context,
                        ):
                            evt_handled = True
                            break
                if not evt_handled:
&gt;                   self.dialect.do_execute(
                        cursor, str_statement, effective_parameters, context
                    )

../venv/lib/python3.11/site-packages/sqlalchemy/engine/base.py:1960: 
_ _ _ _ _ _ _ _ _ _ _ _ _ _ _ _ _ _ _ _ _ _ _ _ _ _ _ _ _ _ _ _ _ _ _ _ _ _ _ _ _ _ _ _ _ _ _ _ _ _ _ _ _ _
../venv/lib/python3.11/site-packages/sqlalchemy/engine/default.py:924: in do_execute
    cursor.execute(statement, parameters)
../venv/lib/python3.11/site-packages/sqlalchemy/dialects/sqlite/aiosqlite.py:146: in execute
    self._adapt_connection._handle_exception(error)
../venv/lib/python3.11/site-packages/sqlalchemy/dialects/sqlite/aiosqlite.py:298: in _handle_exception
    raise error
../venv/lib/python3.11/site-packages/sqlalchemy/dialects/sqlite/aiosqlite.py:128: in execute
    self.await_(_cursor.execute(operation, parameters))
../venv/lib/python3.11/site-packages/sqlalchemy/util/_concurrency_py3k.py:127: in await_only
    return current.driver.switch(awaitable)  # type: ignore[no-any-return]
../venv/lib/python3.11/site-packages/sqlalchemy/util/_concurrency_py3k.py:192: in greenlet_spawn
    value = await result
../venv/lib/python3.11/site-packages/aiosqlite/cursor.py:48: in execute
    await self._execute(self._cursor.execute, sql, parameters)
../venv/lib/python3.11/site-packages/aiosqlite/cursor.py:40: in _execute
    return await self._conn._execute(fn, *args, **kwargs)
../venv/lib/python3.11/site-packages/aiosqlite/core.py:133: in _execute
    return await future
_ _ _ _ _ _ _ _ _ _ _ _ _ _ _ _ _ _ _ _ _ _ _ _ _ _ _ _ _ _ _ _ _ _ _ _ _ _ _ _ _ _ _ _ _ _ _ _ _ _ _ _ _ _

self = &lt;Connection(Thread-5, started daemon 13489057792)&gt;

    def run(self) -&gt; None:
        """
        Execute function calls on a separate thread.
    
        :meta private:
        """
        while True:
            # Continues running until all queue items are processed,
            # even after connection is closed (so we can finalize all
            # futures)
            try:
                future, function = self._tx.get(timeout=0.1)
            except Empty:
                if self._running:
                    continue
                break
            try:
                LOG.debug("executing %s", function)
&gt;               result = function()
E               sqlite3.OperationalError: no such table: projects

../venv/lib/python3.11/site-packages/aiosqlite/core.py:106: OperationalError

The above exception was the direct cause of the following exception:

client = &lt;starlette.testclient.TestClient object at 0x142a88090&gt;

    @pytest.fixture(scope="module")
    def setup_project_and_conversation(client):
        # Create project
&gt;       response = client.post(
            "/api/v1/projects/",
            json={"title": "Test Project", "description": "A test project for RAG queries"}
        )

tests/integration/test_rag_queries.py:144: 
_ _ _ _ _ _ _ _ _ _ _ _ _ _ _ _ _ _ _ _ _ _ _ _ _ _ _ _ _ _ _ _ _ _ _ _ _ _ _ _ _ _ _ _ _ _ _ _ _ _ _ _ _ _
../venv/lib/python3.11/site-packages/starlette/testclient.py:608: in post
    return super().post(
../venv/lib/python3.11/site-packages/httpx/_client.py:1145: in post
    return self.request(
../venv/lib/python3.11/site-packages/starlette/testclient.py:491: in request
    return super().request(
../venv/lib/python3.11/site-packages/httpx/_client.py:827: in request
    return self.send(request, auth=auth, follow_redirects=follow_redirects)
../venv/lib/python3.11/site-packages/httpx/_client.py:914: in send
    response = self._send_handling_auth(
../venv/lib/python3.11/site-packages/httpx/_client.py:942: in _send_handling_auth
    response = self._send_handling_redirects(
../venv/lib/python3.11/site-packages/httpx/_client.py:979: in _send_handling_redirects
    response = self._send_single_request(request)
../venv/lib/python3.11/site-packages/httpx/_client.py:1015: in _send_single_request
    response = transport.handle_request(request)
../venv/lib/python3.11/site-packages/starlette/testclient.py:372: in handle_request
    raise exc
../venv/lib/python3.11/site-packages/starlette/testclient.py:369: in handle_request
    portal.call(self.app, scope, receive, send)
../venv/lib/python3.11/site-packages/anyio/from_thread.py:290: in call
    return cast(T_Retval, self.start_task_soon(func, *args).result())
../../../../.pyenv/versions/3.11.11/lib/python3.11/concurrent/futures/_base.py:456: in result
    return self.__get_result()
../../../../.pyenv/versions/3.11.11/lib/python3.11/concurrent/futures/_base.py:401: in __get_result
    raise self._exception
../venv/lib/python3.11/site-packages/anyio/from_thread.py:221: in _call_func
    retval = await retval_or_awaitable
../venv/lib/python3.11/site-packages/fastapi/applications.py:1054: in __call__
    await super().__call__(scope, receive, send)
../venv/lib/python3.11/site-packages/starlette/applications.py:123: in __call__
    await self.middleware_stack(scope, receive, send)
../venv/lib/python3.11/site-packages/starlette/middleware/errors.py:186: in __call__
    raise exc
../venv/lib/python3.11/site-packages/starlette/middleware/errors.py:164: in __call__
    await self.app(scope, receive, _send)
../venv/lib/python3.11/site-packages/starlette/middleware/cors.py:83: in __call__
    await self.app(scope, receive, send)
../venv/lib/python3.11/site-packages/starlette/middleware/exceptions.py:62: in __call__
    await wrap_app_handling_exceptions(self.app, conn)(scope, receive, send)
../venv/lib/python3.11/site-packages/starlette/_exception_handler.py:64: in wrapped_app
    raise exc
../venv/lib/python3.11/site-packages/starlette/_exception_handler.py:53: in wrapped_app
    await app(scope, receive, sender)
../venv/lib/python3.11/site-packages/starlette/routing.py:758: in __call__
    await self.middleware_stack(scope, receive, send)
../venv/lib/python3.11/site-packages/starlette/routing.py:778: in app
    await route.handle(scope, receive, send)
../venv/lib/python3.11/site-packages/starlette/routing.py:299: in handle
    await self.app(scope, receive, send)
../venv/lib/python3.11/site-packages/starlette/routing.py:79: in app
    await wrap_app_handling_exceptions(app, request)(scope, receive, send)
../venv/lib/python3.11/site-packages/starlette/_exception_handler.py:64: in wrapped_app
    raise exc
../venv/lib/python3.11/site-packages/starlette/_exception_handler.py:53: in wrapped_app
    await app(scope, receive, sender)
../venv/lib/python3.11/site-packages/starlette/routing.py:74: in app
    response = await func(request)
../venv/lib/python3.11/site-packages/fastapi/routing.py:299: in app
    raise e
../venv/lib/python3.11/site-packages/fastapi/routing.py:294: in app
    raw_response = await run_endpoint_function(
../venv/lib/python3.11/site-packages/fastapi/routing.py:191: in run_endpoint_function
    return await dependant.call(**values)
app/api/v1/endpoints/projects.py:88: in create_project
    return await service.create_project(project)
app/application/services/project_service.py:28: in create_project
    return await self.repository.create(project)
app/infrastructure/repositories/project_repository.py:75: in create
    await self.db.commit()
../venv/lib/python3.11/site-packages/sqlalchemy/ext/asyncio/session.py:1000: in commit
    await greenlet_spawn(self.sync_session.commit)
../venv/lib/python3.11/site-packages/sqlalchemy/util/_concurrency_py3k.py:199: in greenlet_spawn
    result = context.switch(value)
../venv/lib/python3.11/site-packages/sqlalchemy/orm/session.py:1972: in commit
    trans.commit(_to_root=True)
&lt;string&gt;:2: in commit
    ???
../venv/lib/python3.11/site-packages/sqlalchemy/orm/state_changes.py:139: in _go
    ret_value = fn(self, *arg, **kw)
../venv/lib/python3.11/site-packages/sqlalchemy/orm/session.py:1257: in commit
    self._prepare_impl()
&lt;string&gt;:2: in _prepare_impl
    ???
../venv/lib/python3.11/site-packages/sqlalchemy/orm/state_changes.py:139: in _go
    ret_value = fn(self, *arg, **kw)
../venv/lib/python3.11/site-packages/sqlalchemy/orm/session.py:1232: in _prepare_impl
    self.session.flush()
../venv/lib/python3.11/site-packages/sqlalchemy/orm/session.py:4296: in flush
    self._flush(objects)
../venv/lib/python3.11/site-packages/sqlalchemy/orm/session.py:4431: in _flush
    with util.safe_reraise():
../venv/lib/python3.11/site-packages/sqlalchemy/util/langhelpers.py:146: in __exit__
    raise exc_value.with_traceback(exc_tb)
../venv/lib/python3.11/site-packages/sqlalchemy/orm/session.py:4392: in _flush
    flush_context.execute()
../venv/lib/python3.11/site-packages/sqlalchemy/orm/unitofwork.py:466: in execute
    rec.execute(self)
../venv/lib/python3.11/site-packages/sqlalchemy/orm/unitofwork.py:642: in execute
    util.preloaded.orm_persistence.save_obj(
../venv/lib/python3.11/site-packages/sqlalchemy/orm/persistence.py:93: in save_obj
    _emit_insert_statements(
../venv/lib/python3.11/site-packages/sqlalchemy/orm/persistence.py:1233: in _emit_insert_statements
    result = connection.execute(
../venv/lib/python3.11/site-packages/sqlalchemy/engine/base.py:1408: in execute
    return meth(
../venv/lib/python3.11/site-packages/sqlalchemy/sql/elements.py:513: in _execute_on_connection
    return connection._execute_clauseelement(
../venv/lib/python3.11/site-packages/sqlalchemy/engine/base.py:1630: in _execute_clauseelement
    ret = self._execute_context(
../venv/lib/python3.11/site-packages/sqlalchemy/engine/base.py:1839: in _execute_context
    return self._exec_single_context(
../venv/lib/python3.11/site-packages/sqlalchemy/engine/base.py:1979: in _exec_single_context
    self._handle_dbapi_exception(
../venv/lib/python3.11/site-packages/sqlalchemy/engine/base.py:2335: in _handle_dbapi_exception
    raise sqlalchemy_exception.with_traceback(exc_info[2]) from e
../venv/lib/python3.11/site-packages/sqlalchemy/engine/base.py:1960: in _exec_single_context
    self.dialect.do_execute(
../venv/lib/python3.11/site-packages/sqlalchemy/engine/default.py:924: in do_execute
    cursor.execute(statement, parameters)
../venv/lib/python3.11/site-packages/sqlalchemy/dialects/sqlite/aiosqlite.py:146: in execute
    self._adapt_connection._handle_exception(error)
../venv/lib/python3.11/site-packages/sqlalchemy/dialects/sqlite/aiosqlite.py:298: in _handle_exception
    raise error
../venv/lib/python3.11/site-packages/sqlalchemy/dialects/sqlite/aiosqlite.py:128: in execute
    self.await_(_cursor.execute(operation, parameters))
../venv/lib/python3.11/site-packages/sqlalchemy/util/_concurrency_py3k.py:127: in await_only
    return current.driver.switch(awaitable)  # type: ignore[no-any-return]
../venv/lib/python3.11/site-packages/sqlalchemy/util/_concurrency_py3k.py:192: in greenlet_spawn
    value = await result
../venv/lib/python3.11/site-packages/aiosqlite/cursor.py:48: in execute
    await self._execute(self._cursor.execute, sql, parameters)
../venv/lib/python3.11/site-packages/aiosqlite/cursor.py:40: in _execute
    return await self._conn._execute(fn, *args, **kwargs)
../venv/lib/python3.11/site-packages/aiosqlite/core.py:133: in _execute
    return await future
_ _ _ _ _ _ _ _ _ _ _ _ _ _ _ _ _ _ _ _ _ _ _ _ _ _ _ _ _ _ _ _ _ _ _ _ _ _ _ _ _ _ _ _ _ _ _ _ _ _ _ _ _ _

self = &lt;Connection(Thread-5, started daemon 13489057792)&gt;

    def run(self) -&gt; None:
        """
        Execute function calls on a separate thread.
    
        :meta private:
        """
        while True:
            # Continues running until all queue items are processed,
            # even after connection is closed (so we can finalize all
            # futures)
            try:
                future, function = self._tx.get(timeout=0.1)
            except Empty:
                if self._running:
                    continue
                break
            try:
                LOG.debug("executing %s", function)
&gt;               result = function()
E               sqlalchemy.exc.OperationalError: (sqlite3.OperationalError) no such table: projects
E               [SQL: INSERT INTO projects (id, title, description, created_at, updated_at) VALUES (?, ?, ?, ?, ?)]
E               [parameters: ('5fd525f9-e9c1-41bb-8b01-3640ec0bb5d3', 'Test Project', 'A test project for RAG queries', '2025-04-29 18:00:56.144060', '2025-04-29 18:00:56.144062')]
E               (Background on this error at: https://sqlalche.me/e/20/e3q8)

../venv/lib/python3.11/site-packages/aiosqlite/core.py:106: OperationalError</error></testcase><testcase classname="tests.integration.test_rag_queries" name="test_project_overview_queries[What is this project about?]" time="0.000"><error message="failed on setup with &quot;sqlalchemy.exc.OperationalError: (sqlite3.OperationalError) no such table: projects&#10;[SQL: INSERT INTO projects (id, title, description, created_at, updated_at) VALUES (?, ?, ?, ?, ?)]&#10;[parameters: ('5fd525f9-e9c1-41bb-8b01-3640ec0bb5d3', 'Test Project', 'A test project for RAG queries', '2025-04-29 18:00:56.144060', '2025-04-29 18:00:56.144062')]&#10;(Background on this error at: https://sqlalche.me/e/20/e3q8)&quot;">self = &lt;sqlalchemy.engine.base.Connection object at 0x142c8a650&gt;
dialect = &lt;sqlalchemy.dialects.sqlite.aiosqlite.SQLiteDialect_aiosqlite object at 0x13796c590&gt;
context = &lt;sqlalchemy.dialects.sqlite.aiosqlite.SQLiteExecutionContext_aiosqlite object at 0x142c8b350&gt;
statement = &lt;sqlalchemy.dialects.sqlite.base.SQLiteCompiler object at 0x142c8b3d0&gt;
parameters = [('5fd525f9-e9c1-41bb-8b01-3640ec0bb5d3', 'Test Project', 'A test project for RAG queries', '2025-04-29 18:00:56.144060', '2025-04-29 18:00:56.144062')]

    def _exec_single_context(
        self,
        dialect: Dialect,
        context: ExecutionContext,
        statement: Union[str, Compiled],
        parameters: Optional[_AnyMultiExecuteParams],
    ) -&gt; CursorResult[Any]:
        """continue the _execute_context() method for a single DBAPI
        cursor.execute() or cursor.executemany() call.
    
        """
        if dialect.bind_typing is BindTyping.SETINPUTSIZES:
            generic_setinputsizes = context._prepare_set_input_sizes()
    
            if generic_setinputsizes:
                try:
                    dialect.do_set_input_sizes(
                        context.cursor, generic_setinputsizes, context
                    )
                except BaseException as e:
                    self._handle_dbapi_exception(
                        e, str(statement), parameters, None, context
                    )
    
        cursor, str_statement, parameters = (
            context.cursor,
            context.statement,
            context.parameters,
        )
    
        effective_parameters: Optional[_AnyExecuteParams]
    
        if not context.executemany:
            effective_parameters = parameters[0]
        else:
            effective_parameters = parameters
    
        if self._has_events or self.engine._has_events:
            for fn in self.dispatch.before_cursor_execute:
                str_statement, effective_parameters = fn(
                    self,
                    cursor,
                    str_statement,
                    effective_parameters,
                    context,
                    context.executemany,
                )
    
        if self._echo:
            self._log_info(str_statement)
    
            stats = context._get_cache_stats()
    
            if not self.engine.hide_parameters:
                self._log_info(
                    "[%s] %r",
                    stats,
                    sql_util._repr_params(
                        effective_parameters,
                        batches=10,
                        ismulti=context.executemany,
                    ),
                )
            else:
                self._log_info(
                    "[%s] [SQL parameters hidden due to hide_parameters=True]",
                    stats,
                )
    
        evt_handled: bool = False
        try:
            if context.execute_style is ExecuteStyle.EXECUTEMANY:
                effective_parameters = cast(
                    "_CoreMultiExecuteParams", effective_parameters
                )
                if self.dialect._has_events:
                    for fn in self.dialect.dispatch.do_executemany:
                        if fn(
                            cursor,
                            str_statement,
                            effective_parameters,
                            context,
                        ):
                            evt_handled = True
                            break
                if not evt_handled:
                    self.dialect.do_executemany(
                        cursor,
                        str_statement,
                        effective_parameters,
                        context,
                    )
            elif not effective_parameters and context.no_parameters:
                if self.dialect._has_events:
                    for fn in self.dialect.dispatch.do_execute_no_params:
                        if fn(cursor, str_statement, context):
                            evt_handled = True
                            break
                if not evt_handled:
                    self.dialect.do_execute_no_params(
                        cursor, str_statement, context
                    )
            else:
                effective_parameters = cast(
                    "_CoreSingleExecuteParams", effective_parameters
                )
                if self.dialect._has_events:
                    for fn in self.dialect.dispatch.do_execute:
                        if fn(
                            cursor,
                            str_statement,
                            effective_parameters,
                            context,
                        ):
                            evt_handled = True
                            break
                if not evt_handled:
&gt;                   self.dialect.do_execute(
                        cursor, str_statement, effective_parameters, context
                    )

../venv/lib/python3.11/site-packages/sqlalchemy/engine/base.py:1960: 
_ _ _ _ _ _ _ _ _ _ _ _ _ _ _ _ _ _ _ _ _ _ _ _ _ _ _ _ _ _ _ _ _ _ _ _ _ _ _ _ _ _ _ _ _ _ _ _ _ _ _ _ _ _
../venv/lib/python3.11/site-packages/sqlalchemy/engine/default.py:924: in do_execute
    cursor.execute(statement, parameters)
../venv/lib/python3.11/site-packages/sqlalchemy/dialects/sqlite/aiosqlite.py:146: in execute
    self._adapt_connection._handle_exception(error)
../venv/lib/python3.11/site-packages/sqlalchemy/dialects/sqlite/aiosqlite.py:298: in _handle_exception
    raise error
../venv/lib/python3.11/site-packages/sqlalchemy/dialects/sqlite/aiosqlite.py:128: in execute
    self.await_(_cursor.execute(operation, parameters))
../venv/lib/python3.11/site-packages/sqlalchemy/util/_concurrency_py3k.py:127: in await_only
    return current.driver.switch(awaitable)  # type: ignore[no-any-return]
../venv/lib/python3.11/site-packages/sqlalchemy/util/_concurrency_py3k.py:192: in greenlet_spawn
    value = await result
../venv/lib/python3.11/site-packages/aiosqlite/cursor.py:48: in execute
    await self._execute(self._cursor.execute, sql, parameters)
../venv/lib/python3.11/site-packages/aiosqlite/cursor.py:40: in _execute
    return await self._conn._execute(fn, *args, **kwargs)
../venv/lib/python3.11/site-packages/aiosqlite/core.py:133: in _execute
    return await future
_ _ _ _ _ _ _ _ _ _ _ _ _ _ _ _ _ _ _ _ _ _ _ _ _ _ _ _ _ _ _ _ _ _ _ _ _ _ _ _ _ _ _ _ _ _ _ _ _ _ _ _ _ _

self = &lt;Connection(Thread-5, started daemon 13489057792)&gt;

    def run(self) -&gt; None:
        """
        Execute function calls on a separate thread.
    
        :meta private:
        """
        while True:
            # Continues running until all queue items are processed,
            # even after connection is closed (so we can finalize all
            # futures)
            try:
                future, function = self._tx.get(timeout=0.1)
            except Empty:
                if self._running:
                    continue
                break
            try:
                LOG.debug("executing %s", function)
&gt;               result = function()
E               sqlite3.OperationalError: no such table: projects

../venv/lib/python3.11/site-packages/aiosqlite/core.py:106: OperationalError

The above exception was the direct cause of the following exception:

client = &lt;starlette.testclient.TestClient object at 0x142a88090&gt;

    @pytest.fixture(scope="module")
    def setup_project_and_conversation(client):
        # Create project
&gt;       response = client.post(
            "/api/v1/projects/",
            json={"title": "Test Project", "description": "A test project for RAG queries"}
        )

tests/integration/test_rag_queries.py:144: 
_ _ _ _ _ _ _ _ _ _ _ _ _ _ _ _ _ _ _ _ _ _ _ _ _ _ _ _ _ _ _ _ _ _ _ _ _ _ _ _ _ _ _ _ _ _ _ _ _ _ _ _ _ _
../venv/lib/python3.11/site-packages/starlette/testclient.py:608: in post
    return super().post(
../venv/lib/python3.11/site-packages/httpx/_client.py:1145: in post
    return self.request(
../venv/lib/python3.11/site-packages/starlette/testclient.py:491: in request
    return super().request(
../venv/lib/python3.11/site-packages/httpx/_client.py:827: in request
    return self.send(request, auth=auth, follow_redirects=follow_redirects)
../venv/lib/python3.11/site-packages/httpx/_client.py:914: in send
    response = self._send_handling_auth(
../venv/lib/python3.11/site-packages/httpx/_client.py:942: in _send_handling_auth
    response = self._send_handling_redirects(
../venv/lib/python3.11/site-packages/httpx/_client.py:979: in _send_handling_redirects
    response = self._send_single_request(request)
../venv/lib/python3.11/site-packages/httpx/_client.py:1015: in _send_single_request
    response = transport.handle_request(request)
../venv/lib/python3.11/site-packages/starlette/testclient.py:372: in handle_request
    raise exc
../venv/lib/python3.11/site-packages/starlette/testclient.py:369: in handle_request
    portal.call(self.app, scope, receive, send)
../venv/lib/python3.11/site-packages/anyio/from_thread.py:290: in call
    return cast(T_Retval, self.start_task_soon(func, *args).result())
../../../../.pyenv/versions/3.11.11/lib/python3.11/concurrent/futures/_base.py:456: in result
    return self.__get_result()
../../../../.pyenv/versions/3.11.11/lib/python3.11/concurrent/futures/_base.py:401: in __get_result
    raise self._exception
../venv/lib/python3.11/site-packages/anyio/from_thread.py:221: in _call_func
    retval = await retval_or_awaitable
../venv/lib/python3.11/site-packages/fastapi/applications.py:1054: in __call__
    await super().__call__(scope, receive, send)
../venv/lib/python3.11/site-packages/starlette/applications.py:123: in __call__
    await self.middleware_stack(scope, receive, send)
../venv/lib/python3.11/site-packages/starlette/middleware/errors.py:186: in __call__
    raise exc
../venv/lib/python3.11/site-packages/starlette/middleware/errors.py:164: in __call__
    await self.app(scope, receive, _send)
../venv/lib/python3.11/site-packages/starlette/middleware/cors.py:83: in __call__
    await self.app(scope, receive, send)
../venv/lib/python3.11/site-packages/starlette/middleware/exceptions.py:62: in __call__
    await wrap_app_handling_exceptions(self.app, conn)(scope, receive, send)
../venv/lib/python3.11/site-packages/starlette/_exception_handler.py:64: in wrapped_app
    raise exc
../venv/lib/python3.11/site-packages/starlette/_exception_handler.py:53: in wrapped_app
    await app(scope, receive, sender)
../venv/lib/python3.11/site-packages/starlette/routing.py:758: in __call__
    await self.middleware_stack(scope, receive, send)
../venv/lib/python3.11/site-packages/starlette/routing.py:778: in app
    await route.handle(scope, receive, send)
../venv/lib/python3.11/site-packages/starlette/routing.py:299: in handle
    await self.app(scope, receive, send)
../venv/lib/python3.11/site-packages/starlette/routing.py:79: in app
    await wrap_app_handling_exceptions(app, request)(scope, receive, send)
../venv/lib/python3.11/site-packages/starlette/_exception_handler.py:64: in wrapped_app
    raise exc
../venv/lib/python3.11/site-packages/starlette/_exception_handler.py:53: in wrapped_app
    await app(scope, receive, sender)
../venv/lib/python3.11/site-packages/starlette/routing.py:74: in app
    response = await func(request)
../venv/lib/python3.11/site-packages/fastapi/routing.py:299: in app
    raise e
../venv/lib/python3.11/site-packages/fastapi/routing.py:294: in app
    raw_response = await run_endpoint_function(
../venv/lib/python3.11/site-packages/fastapi/routing.py:191: in run_endpoint_function
    return await dependant.call(**values)
app/api/v1/endpoints/projects.py:88: in create_project
    return await service.create_project(project)
app/application/services/project_service.py:28: in create_project
    return await self.repository.create(project)
app/infrastructure/repositories/project_repository.py:75: in create
    await self.db.commit()
../venv/lib/python3.11/site-packages/sqlalchemy/ext/asyncio/session.py:1000: in commit
    await greenlet_spawn(self.sync_session.commit)
../venv/lib/python3.11/site-packages/sqlalchemy/util/_concurrency_py3k.py:199: in greenlet_spawn
    result = context.switch(value)
../venv/lib/python3.11/site-packages/sqlalchemy/orm/session.py:1972: in commit
    trans.commit(_to_root=True)
&lt;string&gt;:2: in commit
    ???
../venv/lib/python3.11/site-packages/sqlalchemy/orm/state_changes.py:139: in _go
    ret_value = fn(self, *arg, **kw)
../venv/lib/python3.11/site-packages/sqlalchemy/orm/session.py:1257: in commit
    self._prepare_impl()
&lt;string&gt;:2: in _prepare_impl
    ???
../venv/lib/python3.11/site-packages/sqlalchemy/orm/state_changes.py:139: in _go
    ret_value = fn(self, *arg, **kw)
../venv/lib/python3.11/site-packages/sqlalchemy/orm/session.py:1232: in _prepare_impl
    self.session.flush()
../venv/lib/python3.11/site-packages/sqlalchemy/orm/session.py:4296: in flush
    self._flush(objects)
../venv/lib/python3.11/site-packages/sqlalchemy/orm/session.py:4431: in _flush
    with util.safe_reraise():
../venv/lib/python3.11/site-packages/sqlalchemy/util/langhelpers.py:146: in __exit__
    raise exc_value.with_traceback(exc_tb)
../venv/lib/python3.11/site-packages/sqlalchemy/orm/session.py:4392: in _flush
    flush_context.execute()
../venv/lib/python3.11/site-packages/sqlalchemy/orm/unitofwork.py:466: in execute
    rec.execute(self)
../venv/lib/python3.11/site-packages/sqlalchemy/orm/unitofwork.py:642: in execute
    util.preloaded.orm_persistence.save_obj(
../venv/lib/python3.11/site-packages/sqlalchemy/orm/persistence.py:93: in save_obj
    _emit_insert_statements(
../venv/lib/python3.11/site-packages/sqlalchemy/orm/persistence.py:1233: in _emit_insert_statements
    result = connection.execute(
../venv/lib/python3.11/site-packages/sqlalchemy/engine/base.py:1408: in execute
    return meth(
../venv/lib/python3.11/site-packages/sqlalchemy/sql/elements.py:513: in _execute_on_connection
    return connection._execute_clauseelement(
../venv/lib/python3.11/site-packages/sqlalchemy/engine/base.py:1630: in _execute_clauseelement
    ret = self._execute_context(
../venv/lib/python3.11/site-packages/sqlalchemy/engine/base.py:1839: in _execute_context
    return self._exec_single_context(
../venv/lib/python3.11/site-packages/sqlalchemy/engine/base.py:1979: in _exec_single_context
    self._handle_dbapi_exception(
../venv/lib/python3.11/site-packages/sqlalchemy/engine/base.py:2335: in _handle_dbapi_exception
    raise sqlalchemy_exception.with_traceback(exc_info[2]) from e
../venv/lib/python3.11/site-packages/sqlalchemy/engine/base.py:1960: in _exec_single_context
    self.dialect.do_execute(
../venv/lib/python3.11/site-packages/sqlalchemy/engine/default.py:924: in do_execute
    cursor.execute(statement, parameters)
../venv/lib/python3.11/site-packages/sqlalchemy/dialects/sqlite/aiosqlite.py:146: in execute
    self._adapt_connection._handle_exception(error)
../venv/lib/python3.11/site-packages/sqlalchemy/dialects/sqlite/aiosqlite.py:298: in _handle_exception
    raise error
../venv/lib/python3.11/site-packages/sqlalchemy/dialects/sqlite/aiosqlite.py:128: in execute
    self.await_(_cursor.execute(operation, parameters))
../venv/lib/python3.11/site-packages/sqlalchemy/util/_concurrency_py3k.py:127: in await_only
    return current.driver.switch(awaitable)  # type: ignore[no-any-return]
../venv/lib/python3.11/site-packages/sqlalchemy/util/_concurrency_py3k.py:192: in greenlet_spawn
    value = await result
../venv/lib/python3.11/site-packages/aiosqlite/cursor.py:48: in execute
    await self._execute(self._cursor.execute, sql, parameters)
../venv/lib/python3.11/site-packages/aiosqlite/cursor.py:40: in _execute
    return await self._conn._execute(fn, *args, **kwargs)
../venv/lib/python3.11/site-packages/aiosqlite/core.py:133: in _execute
    return await future
_ _ _ _ _ _ _ _ _ _ _ _ _ _ _ _ _ _ _ _ _ _ _ _ _ _ _ _ _ _ _ _ _ _ _ _ _ _ _ _ _ _ _ _ _ _ _ _ _ _ _ _ _ _

self = &lt;Connection(Thread-5, started daemon 13489057792)&gt;

    def run(self) -&gt; None:
        """
        Execute function calls on a separate thread.
    
        :meta private:
        """
        while True:
            # Continues running until all queue items are processed,
            # even after connection is closed (so we can finalize all
            # futures)
            try:
                future, function = self._tx.get(timeout=0.1)
            except Empty:
                if self._running:
                    continue
                break
            try:
                LOG.debug("executing %s", function)
&gt;               result = function()
E               sqlalchemy.exc.OperationalError: (sqlite3.OperationalError) no such table: projects
E               [SQL: INSERT INTO projects (id, title, description, created_at, updated_at) VALUES (?, ?, ?, ?, ?)]
E               [parameters: ('5fd525f9-e9c1-41bb-8b01-3640ec0bb5d3', 'Test Project', 'A test project for RAG queries', '2025-04-29 18:00:56.144060', '2025-04-29 18:00:56.144062')]
E               (Background on this error at: https://sqlalche.me/e/20/e3q8)

../venv/lib/python3.11/site-packages/aiosqlite/core.py:106: OperationalError</error></testcase><testcase classname="tests.integration.test_rag_queries" name="test_project_issue_specific_queries[What is this issue about: {issue_key}]" time="0.000"><error message="failed on setup with &quot;sqlalchemy.exc.OperationalError: (sqlite3.OperationalError) no such table: projects&#10;[SQL: INSERT INTO projects (id, title, description, created_at, updated_at) VALUES (?, ?, ?, ?, ?)]&#10;[parameters: ('5fd525f9-e9c1-41bb-8b01-3640ec0bb5d3', 'Test Project', 'A test project for RAG queries', '2025-04-29 18:00:56.144060', '2025-04-29 18:00:56.144062')]&#10;(Background on this error at: https://sqlalche.me/e/20/e3q8)&quot;">self = &lt;sqlalchemy.engine.base.Connection object at 0x142c8a650&gt;
dialect = &lt;sqlalchemy.dialects.sqlite.aiosqlite.SQLiteDialect_aiosqlite object at 0x13796c590&gt;
context = &lt;sqlalchemy.dialects.sqlite.aiosqlite.SQLiteExecutionContext_aiosqlite object at 0x142c8b350&gt;
statement = &lt;sqlalchemy.dialects.sqlite.base.SQLiteCompiler object at 0x142c8b3d0&gt;
parameters = [('5fd525f9-e9c1-41bb-8b01-3640ec0bb5d3', 'Test Project', 'A test project for RAG queries', '2025-04-29 18:00:56.144060', '2025-04-29 18:00:56.144062')]

    def _exec_single_context(
        self,
        dialect: Dialect,
        context: ExecutionContext,
        statement: Union[str, Compiled],
        parameters: Optional[_AnyMultiExecuteParams],
    ) -&gt; CursorResult[Any]:
        """continue the _execute_context() method for a single DBAPI
        cursor.execute() or cursor.executemany() call.
    
        """
        if dialect.bind_typing is BindTyping.SETINPUTSIZES:
            generic_setinputsizes = context._prepare_set_input_sizes()
    
            if generic_setinputsizes:
                try:
                    dialect.do_set_input_sizes(
                        context.cursor, generic_setinputsizes, context
                    )
                except BaseException as e:
                    self._handle_dbapi_exception(
                        e, str(statement), parameters, None, context
                    )
    
        cursor, str_statement, parameters = (
            context.cursor,
            context.statement,
            context.parameters,
        )
    
        effective_parameters: Optional[_AnyExecuteParams]
    
        if not context.executemany:
            effective_parameters = parameters[0]
        else:
            effective_parameters = parameters
    
        if self._has_events or self.engine._has_events:
            for fn in self.dispatch.before_cursor_execute:
                str_statement, effective_parameters = fn(
                    self,
                    cursor,
                    str_statement,
                    effective_parameters,
                    context,
                    context.executemany,
                )
    
        if self._echo:
            self._log_info(str_statement)
    
            stats = context._get_cache_stats()
    
            if not self.engine.hide_parameters:
                self._log_info(
                    "[%s] %r",
                    stats,
                    sql_util._repr_params(
                        effective_parameters,
                        batches=10,
                        ismulti=context.executemany,
                    ),
                )
            else:
                self._log_info(
                    "[%s] [SQL parameters hidden due to hide_parameters=True]",
                    stats,
                )
    
        evt_handled: bool = False
        try:
            if context.execute_style is ExecuteStyle.EXECUTEMANY:
                effective_parameters = cast(
                    "_CoreMultiExecuteParams", effective_parameters
                )
                if self.dialect._has_events:
                    for fn in self.dialect.dispatch.do_executemany:
                        if fn(
                            cursor,
                            str_statement,
                            effective_parameters,
                            context,
                        ):
                            evt_handled = True
                            break
                if not evt_handled:
                    self.dialect.do_executemany(
                        cursor,
                        str_statement,
                        effective_parameters,
                        context,
                    )
            elif not effective_parameters and context.no_parameters:
                if self.dialect._has_events:
                    for fn in self.dialect.dispatch.do_execute_no_params:
                        if fn(cursor, str_statement, context):
                            evt_handled = True
                            break
                if not evt_handled:
                    self.dialect.do_execute_no_params(
                        cursor, str_statement, context
                    )
            else:
                effective_parameters = cast(
                    "_CoreSingleExecuteParams", effective_parameters
                )
                if self.dialect._has_events:
                    for fn in self.dialect.dispatch.do_execute:
                        if fn(
                            cursor,
                            str_statement,
                            effective_parameters,
                            context,
                        ):
                            evt_handled = True
                            break
                if not evt_handled:
&gt;                   self.dialect.do_execute(
                        cursor, str_statement, effective_parameters, context
                    )

../venv/lib/python3.11/site-packages/sqlalchemy/engine/base.py:1960: 
_ _ _ _ _ _ _ _ _ _ _ _ _ _ _ _ _ _ _ _ _ _ _ _ _ _ _ _ _ _ _ _ _ _ _ _ _ _ _ _ _ _ _ _ _ _ _ _ _ _ _ _ _ _
../venv/lib/python3.11/site-packages/sqlalchemy/engine/default.py:924: in do_execute
    cursor.execute(statement, parameters)
../venv/lib/python3.11/site-packages/sqlalchemy/dialects/sqlite/aiosqlite.py:146: in execute
    self._adapt_connection._handle_exception(error)
../venv/lib/python3.11/site-packages/sqlalchemy/dialects/sqlite/aiosqlite.py:298: in _handle_exception
    raise error
../venv/lib/python3.11/site-packages/sqlalchemy/dialects/sqlite/aiosqlite.py:128: in execute
    self.await_(_cursor.execute(operation, parameters))
../venv/lib/python3.11/site-packages/sqlalchemy/util/_concurrency_py3k.py:127: in await_only
    return current.driver.switch(awaitable)  # type: ignore[no-any-return]
../venv/lib/python3.11/site-packages/sqlalchemy/util/_concurrency_py3k.py:192: in greenlet_spawn
    value = await result
../venv/lib/python3.11/site-packages/aiosqlite/cursor.py:48: in execute
    await self._execute(self._cursor.execute, sql, parameters)
../venv/lib/python3.11/site-packages/aiosqlite/cursor.py:40: in _execute
    return await self._conn._execute(fn, *args, **kwargs)
../venv/lib/python3.11/site-packages/aiosqlite/core.py:133: in _execute
    return await future
_ _ _ _ _ _ _ _ _ _ _ _ _ _ _ _ _ _ _ _ _ _ _ _ _ _ _ _ _ _ _ _ _ _ _ _ _ _ _ _ _ _ _ _ _ _ _ _ _ _ _ _ _ _

self = &lt;Connection(Thread-5, started daemon 13489057792)&gt;

    def run(self) -&gt; None:
        """
        Execute function calls on a separate thread.
    
        :meta private:
        """
        while True:
            # Continues running until all queue items are processed,
            # even after connection is closed (so we can finalize all
            # futures)
            try:
                future, function = self._tx.get(timeout=0.1)
            except Empty:
                if self._running:
                    continue
                break
            try:
                LOG.debug("executing %s", function)
&gt;               result = function()
E               sqlite3.OperationalError: no such table: projects

../venv/lib/python3.11/site-packages/aiosqlite/core.py:106: OperationalError

The above exception was the direct cause of the following exception:

client = &lt;starlette.testclient.TestClient object at 0x142a88090&gt;

    @pytest.fixture(scope="module")
    def setup_project_and_conversation(client):
        # Create project
&gt;       response = client.post(
            "/api/v1/projects/",
            json={"title": "Test Project", "description": "A test project for RAG queries"}
        )

tests/integration/test_rag_queries.py:144: 
_ _ _ _ _ _ _ _ _ _ _ _ _ _ _ _ _ _ _ _ _ _ _ _ _ _ _ _ _ _ _ _ _ _ _ _ _ _ _ _ _ _ _ _ _ _ _ _ _ _ _ _ _ _
../venv/lib/python3.11/site-packages/starlette/testclient.py:608: in post
    return super().post(
../venv/lib/python3.11/site-packages/httpx/_client.py:1145: in post
    return self.request(
../venv/lib/python3.11/site-packages/starlette/testclient.py:491: in request
    return super().request(
../venv/lib/python3.11/site-packages/httpx/_client.py:827: in request
    return self.send(request, auth=auth, follow_redirects=follow_redirects)
../venv/lib/python3.11/site-packages/httpx/_client.py:914: in send
    response = self._send_handling_auth(
../venv/lib/python3.11/site-packages/httpx/_client.py:942: in _send_handling_auth
    response = self._send_handling_redirects(
../venv/lib/python3.11/site-packages/httpx/_client.py:979: in _send_handling_redirects
    response = self._send_single_request(request)
../venv/lib/python3.11/site-packages/httpx/_client.py:1015: in _send_single_request
    response = transport.handle_request(request)
../venv/lib/python3.11/site-packages/starlette/testclient.py:372: in handle_request
    raise exc
../venv/lib/python3.11/site-packages/starlette/testclient.py:369: in handle_request
    portal.call(self.app, scope, receive, send)
../venv/lib/python3.11/site-packages/anyio/from_thread.py:290: in call
    return cast(T_Retval, self.start_task_soon(func, *args).result())
../../../../.pyenv/versions/3.11.11/lib/python3.11/concurrent/futures/_base.py:456: in result
    return self.__get_result()
../../../../.pyenv/versions/3.11.11/lib/python3.11/concurrent/futures/_base.py:401: in __get_result
    raise self._exception
../venv/lib/python3.11/site-packages/anyio/from_thread.py:221: in _call_func
    retval = await retval_or_awaitable
../venv/lib/python3.11/site-packages/fastapi/applications.py:1054: in __call__
    await super().__call__(scope, receive, send)
../venv/lib/python3.11/site-packages/starlette/applications.py:123: in __call__
    await self.middleware_stack(scope, receive, send)
../venv/lib/python3.11/site-packages/starlette/middleware/errors.py:186: in __call__
    raise exc
../venv/lib/python3.11/site-packages/starlette/middleware/errors.py:164: in __call__
    await self.app(scope, receive, _send)
../venv/lib/python3.11/site-packages/starlette/middleware/cors.py:83: in __call__
    await self.app(scope, receive, send)
../venv/lib/python3.11/site-packages/starlette/middleware/exceptions.py:62: in __call__
    await wrap_app_handling_exceptions(self.app, conn)(scope, receive, send)
../venv/lib/python3.11/site-packages/starlette/_exception_handler.py:64: in wrapped_app
    raise exc
../venv/lib/python3.11/site-packages/starlette/_exception_handler.py:53: in wrapped_app
    await app(scope, receive, sender)
../venv/lib/python3.11/site-packages/starlette/routing.py:758: in __call__
    await self.middleware_stack(scope, receive, send)
../venv/lib/python3.11/site-packages/starlette/routing.py:778: in app
    await route.handle(scope, receive, send)
../venv/lib/python3.11/site-packages/starlette/routing.py:299: in handle
    await self.app(scope, receive, send)
../venv/lib/python3.11/site-packages/starlette/routing.py:79: in app
    await wrap_app_handling_exceptions(app, request)(scope, receive, send)
../venv/lib/python3.11/site-packages/starlette/_exception_handler.py:64: in wrapped_app
    raise exc
../venv/lib/python3.11/site-packages/starlette/_exception_handler.py:53: in wrapped_app
    await app(scope, receive, sender)
../venv/lib/python3.11/site-packages/starlette/routing.py:74: in app
    response = await func(request)
../venv/lib/python3.11/site-packages/fastapi/routing.py:299: in app
    raise e
../venv/lib/python3.11/site-packages/fastapi/routing.py:294: in app
    raw_response = await run_endpoint_function(
../venv/lib/python3.11/site-packages/fastapi/routing.py:191: in run_endpoint_function
    return await dependant.call(**values)
app/api/v1/endpoints/projects.py:88: in create_project
    return await service.create_project(project)
app/application/services/project_service.py:28: in create_project
    return await self.repository.create(project)
app/infrastructure/repositories/project_repository.py:75: in create
    await self.db.commit()
../venv/lib/python3.11/site-packages/sqlalchemy/ext/asyncio/session.py:1000: in commit
    await greenlet_spawn(self.sync_session.commit)
../venv/lib/python3.11/site-packages/sqlalchemy/util/_concurrency_py3k.py:199: in greenlet_spawn
    result = context.switch(value)
../venv/lib/python3.11/site-packages/sqlalchemy/orm/session.py:1972: in commit
    trans.commit(_to_root=True)
&lt;string&gt;:2: in commit
    ???
../venv/lib/python3.11/site-packages/sqlalchemy/orm/state_changes.py:139: in _go
    ret_value = fn(self, *arg, **kw)
../venv/lib/python3.11/site-packages/sqlalchemy/orm/session.py:1257: in commit
    self._prepare_impl()
&lt;string&gt;:2: in _prepare_impl
    ???
../venv/lib/python3.11/site-packages/sqlalchemy/orm/state_changes.py:139: in _go
    ret_value = fn(self, *arg, **kw)
../venv/lib/python3.11/site-packages/sqlalchemy/orm/session.py:1232: in _prepare_impl
    self.session.flush()
../venv/lib/python3.11/site-packages/sqlalchemy/orm/session.py:4296: in flush
    self._flush(objects)
../venv/lib/python3.11/site-packages/sqlalchemy/orm/session.py:4431: in _flush
    with util.safe_reraise():
../venv/lib/python3.11/site-packages/sqlalchemy/util/langhelpers.py:146: in __exit__
    raise exc_value.with_traceback(exc_tb)
../venv/lib/python3.11/site-packages/sqlalchemy/orm/session.py:4392: in _flush
    flush_context.execute()
../venv/lib/python3.11/site-packages/sqlalchemy/orm/unitofwork.py:466: in execute
    rec.execute(self)
../venv/lib/python3.11/site-packages/sqlalchemy/orm/unitofwork.py:642: in execute
    util.preloaded.orm_persistence.save_obj(
../venv/lib/python3.11/site-packages/sqlalchemy/orm/persistence.py:93: in save_obj
    _emit_insert_statements(
../venv/lib/python3.11/site-packages/sqlalchemy/orm/persistence.py:1233: in _emit_insert_statements
    result = connection.execute(
../venv/lib/python3.11/site-packages/sqlalchemy/engine/base.py:1408: in execute
    return meth(
../venv/lib/python3.11/site-packages/sqlalchemy/sql/elements.py:513: in _execute_on_connection
    return connection._execute_clauseelement(
../venv/lib/python3.11/site-packages/sqlalchemy/engine/base.py:1630: in _execute_clauseelement
    ret = self._execute_context(
../venv/lib/python3.11/site-packages/sqlalchemy/engine/base.py:1839: in _execute_context
    return self._exec_single_context(
../venv/lib/python3.11/site-packages/sqlalchemy/engine/base.py:1979: in _exec_single_context
    self._handle_dbapi_exception(
../venv/lib/python3.11/site-packages/sqlalchemy/engine/base.py:2335: in _handle_dbapi_exception
    raise sqlalchemy_exception.with_traceback(exc_info[2]) from e
../venv/lib/python3.11/site-packages/sqlalchemy/engine/base.py:1960: in _exec_single_context
    self.dialect.do_execute(
../venv/lib/python3.11/site-packages/sqlalchemy/engine/default.py:924: in do_execute
    cursor.execute(statement, parameters)
../venv/lib/python3.11/site-packages/sqlalchemy/dialects/sqlite/aiosqlite.py:146: in execute
    self._adapt_connection._handle_exception(error)
../venv/lib/python3.11/site-packages/sqlalchemy/dialects/sqlite/aiosqlite.py:298: in _handle_exception
    raise error
../venv/lib/python3.11/site-packages/sqlalchemy/dialects/sqlite/aiosqlite.py:128: in execute
    self.await_(_cursor.execute(operation, parameters))
../venv/lib/python3.11/site-packages/sqlalchemy/util/_concurrency_py3k.py:127: in await_only
    return current.driver.switch(awaitable)  # type: ignore[no-any-return]
../venv/lib/python3.11/site-packages/sqlalchemy/util/_concurrency_py3k.py:192: in greenlet_spawn
    value = await result
../venv/lib/python3.11/site-packages/aiosqlite/cursor.py:48: in execute
    await self._execute(self._cursor.execute, sql, parameters)
../venv/lib/python3.11/site-packages/aiosqlite/cursor.py:40: in _execute
    return await self._conn._execute(fn, *args, **kwargs)
../venv/lib/python3.11/site-packages/aiosqlite/core.py:133: in _execute
    return await future
_ _ _ _ _ _ _ _ _ _ _ _ _ _ _ _ _ _ _ _ _ _ _ _ _ _ _ _ _ _ _ _ _ _ _ _ _ _ _ _ _ _ _ _ _ _ _ _ _ _ _ _ _ _

self = &lt;Connection(Thread-5, started daemon 13489057792)&gt;

    def run(self) -&gt; None:
        """
        Execute function calls on a separate thread.
    
        :meta private:
        """
        while True:
            # Continues running until all queue items are processed,
            # even after connection is closed (so we can finalize all
            # futures)
            try:
                future, function = self._tx.get(timeout=0.1)
            except Empty:
                if self._running:
                    continue
                break
            try:
                LOG.debug("executing %s", function)
&gt;               result = function()
E               sqlalchemy.exc.OperationalError: (sqlite3.OperationalError) no such table: projects
E               [SQL: INSERT INTO projects (id, title, description, created_at, updated_at) VALUES (?, ?, ?, ?, ?)]
E               [parameters: ('5fd525f9-e9c1-41bb-8b01-3640ec0bb5d3', 'Test Project', 'A test project for RAG queries', '2025-04-29 18:00:56.144060', '2025-04-29 18:00:56.144062')]
E               (Background on this error at: https://sqlalche.me/e/20/e3q8)

../venv/lib/python3.11/site-packages/aiosqlite/core.py:106: OperationalError</error></testcase><testcase classname="tests.integration.test_rag_queries" name="test_project_issue_specific_queries[What is the current status of {issue_key}?]" time="0.000"><error message="failed on setup with &quot;sqlalchemy.exc.OperationalError: (sqlite3.OperationalError) no such table: projects&#10;[SQL: INSERT INTO projects (id, title, description, created_at, updated_at) VALUES (?, ?, ?, ?, ?)]&#10;[parameters: ('5fd525f9-e9c1-41bb-8b01-3640ec0bb5d3', 'Test Project', 'A test project for RAG queries', '2025-04-29 18:00:56.144060', '2025-04-29 18:00:56.144062')]&#10;(Background on this error at: https://sqlalche.me/e/20/e3q8)&quot;">self = &lt;sqlalchemy.engine.base.Connection object at 0x142c8a650&gt;
dialect = &lt;sqlalchemy.dialects.sqlite.aiosqlite.SQLiteDialect_aiosqlite object at 0x13796c590&gt;
context = &lt;sqlalchemy.dialects.sqlite.aiosqlite.SQLiteExecutionContext_aiosqlite object at 0x142c8b350&gt;
statement = &lt;sqlalchemy.dialects.sqlite.base.SQLiteCompiler object at 0x142c8b3d0&gt;
parameters = [('5fd525f9-e9c1-41bb-8b01-3640ec0bb5d3', 'Test Project', 'A test project for RAG queries', '2025-04-29 18:00:56.144060', '2025-04-29 18:00:56.144062')]

    def _exec_single_context(
        self,
        dialect: Dialect,
        context: ExecutionContext,
        statement: Union[str, Compiled],
        parameters: Optional[_AnyMultiExecuteParams],
    ) -&gt; CursorResult[Any]:
        """continue the _execute_context() method for a single DBAPI
        cursor.execute() or cursor.executemany() call.
    
        """
        if dialect.bind_typing is BindTyping.SETINPUTSIZES:
            generic_setinputsizes = context._prepare_set_input_sizes()
    
            if generic_setinputsizes:
                try:
                    dialect.do_set_input_sizes(
                        context.cursor, generic_setinputsizes, context
                    )
                except BaseException as e:
                    self._handle_dbapi_exception(
                        e, str(statement), parameters, None, context
                    )
    
        cursor, str_statement, parameters = (
            context.cursor,
            context.statement,
            context.parameters,
        )
    
        effective_parameters: Optional[_AnyExecuteParams]
    
        if not context.executemany:
            effective_parameters = parameters[0]
        else:
            effective_parameters = parameters
    
        if self._has_events or self.engine._has_events:
            for fn in self.dispatch.before_cursor_execute:
                str_statement, effective_parameters = fn(
                    self,
                    cursor,
                    str_statement,
                    effective_parameters,
                    context,
                    context.executemany,
                )
    
        if self._echo:
            self._log_info(str_statement)
    
            stats = context._get_cache_stats()
    
            if not self.engine.hide_parameters:
                self._log_info(
                    "[%s] %r",
                    stats,
                    sql_util._repr_params(
                        effective_parameters,
                        batches=10,
                        ismulti=context.executemany,
                    ),
                )
            else:
                self._log_info(
                    "[%s] [SQL parameters hidden due to hide_parameters=True]",
                    stats,
                )
    
        evt_handled: bool = False
        try:
            if context.execute_style is ExecuteStyle.EXECUTEMANY:
                effective_parameters = cast(
                    "_CoreMultiExecuteParams", effective_parameters
                )
                if self.dialect._has_events:
                    for fn in self.dialect.dispatch.do_executemany:
                        if fn(
                            cursor,
                            str_statement,
                            effective_parameters,
                            context,
                        ):
                            evt_handled = True
                            break
                if not evt_handled:
                    self.dialect.do_executemany(
                        cursor,
                        str_statement,
                        effective_parameters,
                        context,
                    )
            elif not effective_parameters and context.no_parameters:
                if self.dialect._has_events:
                    for fn in self.dialect.dispatch.do_execute_no_params:
                        if fn(cursor, str_statement, context):
                            evt_handled = True
                            break
                if not evt_handled:
                    self.dialect.do_execute_no_params(
                        cursor, str_statement, context
                    )
            else:
                effective_parameters = cast(
                    "_CoreSingleExecuteParams", effective_parameters
                )
                if self.dialect._has_events:
                    for fn in self.dialect.dispatch.do_execute:
                        if fn(
                            cursor,
                            str_statement,
                            effective_parameters,
                            context,
                        ):
                            evt_handled = True
                            break
                if not evt_handled:
&gt;                   self.dialect.do_execute(
                        cursor, str_statement, effective_parameters, context
                    )

../venv/lib/python3.11/site-packages/sqlalchemy/engine/base.py:1960: 
_ _ _ _ _ _ _ _ _ _ _ _ _ _ _ _ _ _ _ _ _ _ _ _ _ _ _ _ _ _ _ _ _ _ _ _ _ _ _ _ _ _ _ _ _ _ _ _ _ _ _ _ _ _
../venv/lib/python3.11/site-packages/sqlalchemy/engine/default.py:924: in do_execute
    cursor.execute(statement, parameters)
../venv/lib/python3.11/site-packages/sqlalchemy/dialects/sqlite/aiosqlite.py:146: in execute
    self._adapt_connection._handle_exception(error)
../venv/lib/python3.11/site-packages/sqlalchemy/dialects/sqlite/aiosqlite.py:298: in _handle_exception
    raise error
../venv/lib/python3.11/site-packages/sqlalchemy/dialects/sqlite/aiosqlite.py:128: in execute
    self.await_(_cursor.execute(operation, parameters))
../venv/lib/python3.11/site-packages/sqlalchemy/util/_concurrency_py3k.py:127: in await_only
    return current.driver.switch(awaitable)  # type: ignore[no-any-return]
../venv/lib/python3.11/site-packages/sqlalchemy/util/_concurrency_py3k.py:192: in greenlet_spawn
    value = await result
../venv/lib/python3.11/site-packages/aiosqlite/cursor.py:48: in execute
    await self._execute(self._cursor.execute, sql, parameters)
../venv/lib/python3.11/site-packages/aiosqlite/cursor.py:40: in _execute
    return await self._conn._execute(fn, *args, **kwargs)
../venv/lib/python3.11/site-packages/aiosqlite/core.py:133: in _execute
    return await future
_ _ _ _ _ _ _ _ _ _ _ _ _ _ _ _ _ _ _ _ _ _ _ _ _ _ _ _ _ _ _ _ _ _ _ _ _ _ _ _ _ _ _ _ _ _ _ _ _ _ _ _ _ _

self = &lt;Connection(Thread-5, started daemon 13489057792)&gt;

    def run(self) -&gt; None:
        """
        Execute function calls on a separate thread.
    
        :meta private:
        """
        while True:
            # Continues running until all queue items are processed,
            # even after connection is closed (so we can finalize all
            # futures)
            try:
                future, function = self._tx.get(timeout=0.1)
            except Empty:
                if self._running:
                    continue
                break
            try:
                LOG.debug("executing %s", function)
&gt;               result = function()
E               sqlite3.OperationalError: no such table: projects

../venv/lib/python3.11/site-packages/aiosqlite/core.py:106: OperationalError

The above exception was the direct cause of the following exception:

client = &lt;starlette.testclient.TestClient object at 0x142a88090&gt;

    @pytest.fixture(scope="module")
    def setup_project_and_conversation(client):
        # Create project
&gt;       response = client.post(
            "/api/v1/projects/",
            json={"title": "Test Project", "description": "A test project for RAG queries"}
        )

tests/integration/test_rag_queries.py:144: 
_ _ _ _ _ _ _ _ _ _ _ _ _ _ _ _ _ _ _ _ _ _ _ _ _ _ _ _ _ _ _ _ _ _ _ _ _ _ _ _ _ _ _ _ _ _ _ _ _ _ _ _ _ _
../venv/lib/python3.11/site-packages/starlette/testclient.py:608: in post
    return super().post(
../venv/lib/python3.11/site-packages/httpx/_client.py:1145: in post
    return self.request(
../venv/lib/python3.11/site-packages/starlette/testclient.py:491: in request
    return super().request(
../venv/lib/python3.11/site-packages/httpx/_client.py:827: in request
    return self.send(request, auth=auth, follow_redirects=follow_redirects)
../venv/lib/python3.11/site-packages/httpx/_client.py:914: in send
    response = self._send_handling_auth(
../venv/lib/python3.11/site-packages/httpx/_client.py:942: in _send_handling_auth
    response = self._send_handling_redirects(
../venv/lib/python3.11/site-packages/httpx/_client.py:979: in _send_handling_redirects
    response = self._send_single_request(request)
../venv/lib/python3.11/site-packages/httpx/_client.py:1015: in _send_single_request
    response = transport.handle_request(request)
../venv/lib/python3.11/site-packages/starlette/testclient.py:372: in handle_request
    raise exc
../venv/lib/python3.11/site-packages/starlette/testclient.py:369: in handle_request
    portal.call(self.app, scope, receive, send)
../venv/lib/python3.11/site-packages/anyio/from_thread.py:290: in call
    return cast(T_Retval, self.start_task_soon(func, *args).result())
../../../../.pyenv/versions/3.11.11/lib/python3.11/concurrent/futures/_base.py:456: in result
    return self.__get_result()
../../../../.pyenv/versions/3.11.11/lib/python3.11/concurrent/futures/_base.py:401: in __get_result
    raise self._exception
../venv/lib/python3.11/site-packages/anyio/from_thread.py:221: in _call_func
    retval = await retval_or_awaitable
../venv/lib/python3.11/site-packages/fastapi/applications.py:1054: in __call__
    await super().__call__(scope, receive, send)
../venv/lib/python3.11/site-packages/starlette/applications.py:123: in __call__
    await self.middleware_stack(scope, receive, send)
../venv/lib/python3.11/site-packages/starlette/middleware/errors.py:186: in __call__
    raise exc
../venv/lib/python3.11/site-packages/starlette/middleware/errors.py:164: in __call__
    await self.app(scope, receive, _send)
../venv/lib/python3.11/site-packages/starlette/middleware/cors.py:83: in __call__
    await self.app(scope, receive, send)
../venv/lib/python3.11/site-packages/starlette/middleware/exceptions.py:62: in __call__
    await wrap_app_handling_exceptions(self.app, conn)(scope, receive, send)
../venv/lib/python3.11/site-packages/starlette/_exception_handler.py:64: in wrapped_app
    raise exc
../venv/lib/python3.11/site-packages/starlette/_exception_handler.py:53: in wrapped_app
    await app(scope, receive, sender)
../venv/lib/python3.11/site-packages/starlette/routing.py:758: in __call__
    await self.middleware_stack(scope, receive, send)
../venv/lib/python3.11/site-packages/starlette/routing.py:778: in app
    await route.handle(scope, receive, send)
../venv/lib/python3.11/site-packages/starlette/routing.py:299: in handle
    await self.app(scope, receive, send)
../venv/lib/python3.11/site-packages/starlette/routing.py:79: in app
    await wrap_app_handling_exceptions(app, request)(scope, receive, send)
../venv/lib/python3.11/site-packages/starlette/_exception_handler.py:64: in wrapped_app
    raise exc
../venv/lib/python3.11/site-packages/starlette/_exception_handler.py:53: in wrapped_app
    await app(scope, receive, sender)
../venv/lib/python3.11/site-packages/starlette/routing.py:74: in app
    response = await func(request)
../venv/lib/python3.11/site-packages/fastapi/routing.py:299: in app
    raise e
../venv/lib/python3.11/site-packages/fastapi/routing.py:294: in app
    raw_response = await run_endpoint_function(
../venv/lib/python3.11/site-packages/fastapi/routing.py:191: in run_endpoint_function
    return await dependant.call(**values)
app/api/v1/endpoints/projects.py:88: in create_project
    return await service.create_project(project)
app/application/services/project_service.py:28: in create_project
    return await self.repository.create(project)
app/infrastructure/repositories/project_repository.py:75: in create
    await self.db.commit()
../venv/lib/python3.11/site-packages/sqlalchemy/ext/asyncio/session.py:1000: in commit
    await greenlet_spawn(self.sync_session.commit)
../venv/lib/python3.11/site-packages/sqlalchemy/util/_concurrency_py3k.py:199: in greenlet_spawn
    result = context.switch(value)
../venv/lib/python3.11/site-packages/sqlalchemy/orm/session.py:1972: in commit
    trans.commit(_to_root=True)
&lt;string&gt;:2: in commit
    ???
../venv/lib/python3.11/site-packages/sqlalchemy/orm/state_changes.py:139: in _go
    ret_value = fn(self, *arg, **kw)
../venv/lib/python3.11/site-packages/sqlalchemy/orm/session.py:1257: in commit
    self._prepare_impl()
&lt;string&gt;:2: in _prepare_impl
    ???
../venv/lib/python3.11/site-packages/sqlalchemy/orm/state_changes.py:139: in _go
    ret_value = fn(self, *arg, **kw)
../venv/lib/python3.11/site-packages/sqlalchemy/orm/session.py:1232: in _prepare_impl
    self.session.flush()
../venv/lib/python3.11/site-packages/sqlalchemy/orm/session.py:4296: in flush
    self._flush(objects)
../venv/lib/python3.11/site-packages/sqlalchemy/orm/session.py:4431: in _flush
    with util.safe_reraise():
../venv/lib/python3.11/site-packages/sqlalchemy/util/langhelpers.py:146: in __exit__
    raise exc_value.with_traceback(exc_tb)
../venv/lib/python3.11/site-packages/sqlalchemy/orm/session.py:4392: in _flush
    flush_context.execute()
../venv/lib/python3.11/site-packages/sqlalchemy/orm/unitofwork.py:466: in execute
    rec.execute(self)
../venv/lib/python3.11/site-packages/sqlalchemy/orm/unitofwork.py:642: in execute
    util.preloaded.orm_persistence.save_obj(
../venv/lib/python3.11/site-packages/sqlalchemy/orm/persistence.py:93: in save_obj
    _emit_insert_statements(
../venv/lib/python3.11/site-packages/sqlalchemy/orm/persistence.py:1233: in _emit_insert_statements
    result = connection.execute(
../venv/lib/python3.11/site-packages/sqlalchemy/engine/base.py:1408: in execute
    return meth(
../venv/lib/python3.11/site-packages/sqlalchemy/sql/elements.py:513: in _execute_on_connection
    return connection._execute_clauseelement(
../venv/lib/python3.11/site-packages/sqlalchemy/engine/base.py:1630: in _execute_clauseelement
    ret = self._execute_context(
../venv/lib/python3.11/site-packages/sqlalchemy/engine/base.py:1839: in _execute_context
    return self._exec_single_context(
../venv/lib/python3.11/site-packages/sqlalchemy/engine/base.py:1979: in _exec_single_context
    self._handle_dbapi_exception(
../venv/lib/python3.11/site-packages/sqlalchemy/engine/base.py:2335: in _handle_dbapi_exception
    raise sqlalchemy_exception.with_traceback(exc_info[2]) from e
../venv/lib/python3.11/site-packages/sqlalchemy/engine/base.py:1960: in _exec_single_context
    self.dialect.do_execute(
../venv/lib/python3.11/site-packages/sqlalchemy/engine/default.py:924: in do_execute
    cursor.execute(statement, parameters)
../venv/lib/python3.11/site-packages/sqlalchemy/dialects/sqlite/aiosqlite.py:146: in execute
    self._adapt_connection._handle_exception(error)
../venv/lib/python3.11/site-packages/sqlalchemy/dialects/sqlite/aiosqlite.py:298: in _handle_exception
    raise error
../venv/lib/python3.11/site-packages/sqlalchemy/dialects/sqlite/aiosqlite.py:128: in execute
    self.await_(_cursor.execute(operation, parameters))
../venv/lib/python3.11/site-packages/sqlalchemy/util/_concurrency_py3k.py:127: in await_only
    return current.driver.switch(awaitable)  # type: ignore[no-any-return]
../venv/lib/python3.11/site-packages/sqlalchemy/util/_concurrency_py3k.py:192: in greenlet_spawn
    value = await result
../venv/lib/python3.11/site-packages/aiosqlite/cursor.py:48: in execute
    await self._execute(self._cursor.execute, sql, parameters)
../venv/lib/python3.11/site-packages/aiosqlite/cursor.py:40: in _execute
    return await self._conn._execute(fn, *args, **kwargs)
../venv/lib/python3.11/site-packages/aiosqlite/core.py:133: in _execute
    return await future
_ _ _ _ _ _ _ _ _ _ _ _ _ _ _ _ _ _ _ _ _ _ _ _ _ _ _ _ _ _ _ _ _ _ _ _ _ _ _ _ _ _ _ _ _ _ _ _ _ _ _ _ _ _

self = &lt;Connection(Thread-5, started daemon 13489057792)&gt;

    def run(self) -&gt; None:
        """
        Execute function calls on a separate thread.
    
        :meta private:
        """
        while True:
            # Continues running until all queue items are processed,
            # even after connection is closed (so we can finalize all
            # futures)
            try:
                future, function = self._tx.get(timeout=0.1)
            except Empty:
                if self._running:
                    continue
                break
            try:
                LOG.debug("executing %s", function)
&gt;               result = function()
E               sqlalchemy.exc.OperationalError: (sqlite3.OperationalError) no such table: projects
E               [SQL: INSERT INTO projects (id, title, description, created_at, updated_at) VALUES (?, ?, ?, ?, ?)]
E               [parameters: ('5fd525f9-e9c1-41bb-8b01-3640ec0bb5d3', 'Test Project', 'A test project for RAG queries', '2025-04-29 18:00:56.144060', '2025-04-29 18:00:56.144062')]
E               (Background on this error at: https://sqlalche.me/e/20/e3q8)

../venv/lib/python3.11/site-packages/aiosqlite/core.py:106: OperationalError</error></testcase><testcase classname="tests.integration.test_rag_queries" name="test_project_issue_specific_queries[Who is assigned to {issue_key}?]" time="0.000"><error message="failed on setup with &quot;sqlalchemy.exc.OperationalError: (sqlite3.OperationalError) no such table: projects&#10;[SQL: INSERT INTO projects (id, title, description, created_at, updated_at) VALUES (?, ?, ?, ?, ?)]&#10;[parameters: ('5fd525f9-e9c1-41bb-8b01-3640ec0bb5d3', 'Test Project', 'A test project for RAG queries', '2025-04-29 18:00:56.144060', '2025-04-29 18:00:56.144062')]&#10;(Background on this error at: https://sqlalche.me/e/20/e3q8)&quot;">self = &lt;sqlalchemy.engine.base.Connection object at 0x142c8a650&gt;
dialect = &lt;sqlalchemy.dialects.sqlite.aiosqlite.SQLiteDialect_aiosqlite object at 0x13796c590&gt;
context = &lt;sqlalchemy.dialects.sqlite.aiosqlite.SQLiteExecutionContext_aiosqlite object at 0x142c8b350&gt;
statement = &lt;sqlalchemy.dialects.sqlite.base.SQLiteCompiler object at 0x142c8b3d0&gt;
parameters = [('5fd525f9-e9c1-41bb-8b01-3640ec0bb5d3', 'Test Project', 'A test project for RAG queries', '2025-04-29 18:00:56.144060', '2025-04-29 18:00:56.144062')]

    def _exec_single_context(
        self,
        dialect: Dialect,
        context: ExecutionContext,
        statement: Union[str, Compiled],
        parameters: Optional[_AnyMultiExecuteParams],
    ) -&gt; CursorResult[Any]:
        """continue the _execute_context() method for a single DBAPI
        cursor.execute() or cursor.executemany() call.
    
        """
        if dialect.bind_typing is BindTyping.SETINPUTSIZES:
            generic_setinputsizes = context._prepare_set_input_sizes()
    
            if generic_setinputsizes:
                try:
                    dialect.do_set_input_sizes(
                        context.cursor, generic_setinputsizes, context
                    )
                except BaseException as e:
                    self._handle_dbapi_exception(
                        e, str(statement), parameters, None, context
                    )
    
        cursor, str_statement, parameters = (
            context.cursor,
            context.statement,
            context.parameters,
        )
    
        effective_parameters: Optional[_AnyExecuteParams]
    
        if not context.executemany:
            effective_parameters = parameters[0]
        else:
            effective_parameters = parameters
    
        if self._has_events or self.engine._has_events:
            for fn in self.dispatch.before_cursor_execute:
                str_statement, effective_parameters = fn(
                    self,
                    cursor,
                    str_statement,
                    effective_parameters,
                    context,
                    context.executemany,
                )
    
        if self._echo:
            self._log_info(str_statement)
    
            stats = context._get_cache_stats()
    
            if not self.engine.hide_parameters:
                self._log_info(
                    "[%s] %r",
                    stats,
                    sql_util._repr_params(
                        effective_parameters,
                        batches=10,
                        ismulti=context.executemany,
                    ),
                )
            else:
                self._log_info(
                    "[%s] [SQL parameters hidden due to hide_parameters=True]",
                    stats,
                )
    
        evt_handled: bool = False
        try:
            if context.execute_style is ExecuteStyle.EXECUTEMANY:
                effective_parameters = cast(
                    "_CoreMultiExecuteParams", effective_parameters
                )
                if self.dialect._has_events:
                    for fn in self.dialect.dispatch.do_executemany:
                        if fn(
                            cursor,
                            str_statement,
                            effective_parameters,
                            context,
                        ):
                            evt_handled = True
                            break
                if not evt_handled:
                    self.dialect.do_executemany(
                        cursor,
                        str_statement,
                        effective_parameters,
                        context,
                    )
            elif not effective_parameters and context.no_parameters:
                if self.dialect._has_events:
                    for fn in self.dialect.dispatch.do_execute_no_params:
                        if fn(cursor, str_statement, context):
                            evt_handled = True
                            break
                if not evt_handled:
                    self.dialect.do_execute_no_params(
                        cursor, str_statement, context
                    )
            else:
                effective_parameters = cast(
                    "_CoreSingleExecuteParams", effective_parameters
                )
                if self.dialect._has_events:
                    for fn in self.dialect.dispatch.do_execute:
                        if fn(
                            cursor,
                            str_statement,
                            effective_parameters,
                            context,
                        ):
                            evt_handled = True
                            break
                if not evt_handled:
&gt;                   self.dialect.do_execute(
                        cursor, str_statement, effective_parameters, context
                    )

../venv/lib/python3.11/site-packages/sqlalchemy/engine/base.py:1960: 
_ _ _ _ _ _ _ _ _ _ _ _ _ _ _ _ _ _ _ _ _ _ _ _ _ _ _ _ _ _ _ _ _ _ _ _ _ _ _ _ _ _ _ _ _ _ _ _ _ _ _ _ _ _
../venv/lib/python3.11/site-packages/sqlalchemy/engine/default.py:924: in do_execute
    cursor.execute(statement, parameters)
../venv/lib/python3.11/site-packages/sqlalchemy/dialects/sqlite/aiosqlite.py:146: in execute
    self._adapt_connection._handle_exception(error)
../venv/lib/python3.11/site-packages/sqlalchemy/dialects/sqlite/aiosqlite.py:298: in _handle_exception
    raise error
../venv/lib/python3.11/site-packages/sqlalchemy/dialects/sqlite/aiosqlite.py:128: in execute
    self.await_(_cursor.execute(operation, parameters))
../venv/lib/python3.11/site-packages/sqlalchemy/util/_concurrency_py3k.py:127: in await_only
    return current.driver.switch(awaitable)  # type: ignore[no-any-return]
../venv/lib/python3.11/site-packages/sqlalchemy/util/_concurrency_py3k.py:192: in greenlet_spawn
    value = await result
../venv/lib/python3.11/site-packages/aiosqlite/cursor.py:48: in execute
    await self._execute(self._cursor.execute, sql, parameters)
../venv/lib/python3.11/site-packages/aiosqlite/cursor.py:40: in _execute
    return await self._conn._execute(fn, *args, **kwargs)
../venv/lib/python3.11/site-packages/aiosqlite/core.py:133: in _execute
    return await future
_ _ _ _ _ _ _ _ _ _ _ _ _ _ _ _ _ _ _ _ _ _ _ _ _ _ _ _ _ _ _ _ _ _ _ _ _ _ _ _ _ _ _ _ _ _ _ _ _ _ _ _ _ _

self = &lt;Connection(Thread-5, started daemon 13489057792)&gt;

    def run(self) -&gt; None:
        """
        Execute function calls on a separate thread.
    
        :meta private:
        """
        while True:
            # Continues running until all queue items are processed,
            # even after connection is closed (so we can finalize all
            # futures)
            try:
                future, function = self._tx.get(timeout=0.1)
            except Empty:
                if self._running:
                    continue
                break
            try:
                LOG.debug("executing %s", function)
&gt;               result = function()
E               sqlite3.OperationalError: no such table: projects

../venv/lib/python3.11/site-packages/aiosqlite/core.py:106: OperationalError

The above exception was the direct cause of the following exception:

client = &lt;starlette.testclient.TestClient object at 0x142a88090&gt;

    @pytest.fixture(scope="module")
    def setup_project_and_conversation(client):
        # Create project
&gt;       response = client.post(
            "/api/v1/projects/",
            json={"title": "Test Project", "description": "A test project for RAG queries"}
        )

tests/integration/test_rag_queries.py:144: 
_ _ _ _ _ _ _ _ _ _ _ _ _ _ _ _ _ _ _ _ _ _ _ _ _ _ _ _ _ _ _ _ _ _ _ _ _ _ _ _ _ _ _ _ _ _ _ _ _ _ _ _ _ _
../venv/lib/python3.11/site-packages/starlette/testclient.py:608: in post
    return super().post(
../venv/lib/python3.11/site-packages/httpx/_client.py:1145: in post
    return self.request(
../venv/lib/python3.11/site-packages/starlette/testclient.py:491: in request
    return super().request(
../venv/lib/python3.11/site-packages/httpx/_client.py:827: in request
    return self.send(request, auth=auth, follow_redirects=follow_redirects)
../venv/lib/python3.11/site-packages/httpx/_client.py:914: in send
    response = self._send_handling_auth(
../venv/lib/python3.11/site-packages/httpx/_client.py:942: in _send_handling_auth
    response = self._send_handling_redirects(
../venv/lib/python3.11/site-packages/httpx/_client.py:979: in _send_handling_redirects
    response = self._send_single_request(request)
../venv/lib/python3.11/site-packages/httpx/_client.py:1015: in _send_single_request
    response = transport.handle_request(request)
../venv/lib/python3.11/site-packages/starlette/testclient.py:372: in handle_request
    raise exc
../venv/lib/python3.11/site-packages/starlette/testclient.py:369: in handle_request
    portal.call(self.app, scope, receive, send)
../venv/lib/python3.11/site-packages/anyio/from_thread.py:290: in call
    return cast(T_Retval, self.start_task_soon(func, *args).result())
../../../../.pyenv/versions/3.11.11/lib/python3.11/concurrent/futures/_base.py:456: in result
    return self.__get_result()
../../../../.pyenv/versions/3.11.11/lib/python3.11/concurrent/futures/_base.py:401: in __get_result
    raise self._exception
../venv/lib/python3.11/site-packages/anyio/from_thread.py:221: in _call_func
    retval = await retval_or_awaitable
../venv/lib/python3.11/site-packages/fastapi/applications.py:1054: in __call__
    await super().__call__(scope, receive, send)
../venv/lib/python3.11/site-packages/starlette/applications.py:123: in __call__
    await self.middleware_stack(scope, receive, send)
../venv/lib/python3.11/site-packages/starlette/middleware/errors.py:186: in __call__
    raise exc
../venv/lib/python3.11/site-packages/starlette/middleware/errors.py:164: in __call__
    await self.app(scope, receive, _send)
../venv/lib/python3.11/site-packages/starlette/middleware/cors.py:83: in __call__
    await self.app(scope, receive, send)
../venv/lib/python3.11/site-packages/starlette/middleware/exceptions.py:62: in __call__
    await wrap_app_handling_exceptions(self.app, conn)(scope, receive, send)
../venv/lib/python3.11/site-packages/starlette/_exception_handler.py:64: in wrapped_app
    raise exc
../venv/lib/python3.11/site-packages/starlette/_exception_handler.py:53: in wrapped_app
    await app(scope, receive, sender)
../venv/lib/python3.11/site-packages/starlette/routing.py:758: in __call__
    await self.middleware_stack(scope, receive, send)
../venv/lib/python3.11/site-packages/starlette/routing.py:778: in app
    await route.handle(scope, receive, send)
../venv/lib/python3.11/site-packages/starlette/routing.py:299: in handle
    await self.app(scope, receive, send)
../venv/lib/python3.11/site-packages/starlette/routing.py:79: in app
    await wrap_app_handling_exceptions(app, request)(scope, receive, send)
../venv/lib/python3.11/site-packages/starlette/_exception_handler.py:64: in wrapped_app
    raise exc
../venv/lib/python3.11/site-packages/starlette/_exception_handler.py:53: in wrapped_app
    await app(scope, receive, sender)
../venv/lib/python3.11/site-packages/starlette/routing.py:74: in app
    response = await func(request)
../venv/lib/python3.11/site-packages/fastapi/routing.py:299: in app
    raise e
../venv/lib/python3.11/site-packages/fastapi/routing.py:294: in app
    raw_response = await run_endpoint_function(
../venv/lib/python3.11/site-packages/fastapi/routing.py:191: in run_endpoint_function
    return await dependant.call(**values)
app/api/v1/endpoints/projects.py:88: in create_project
    return await service.create_project(project)
app/application/services/project_service.py:28: in create_project
    return await self.repository.create(project)
app/infrastructure/repositories/project_repository.py:75: in create
    await self.db.commit()
../venv/lib/python3.11/site-packages/sqlalchemy/ext/asyncio/session.py:1000: in commit
    await greenlet_spawn(self.sync_session.commit)
../venv/lib/python3.11/site-packages/sqlalchemy/util/_concurrency_py3k.py:199: in greenlet_spawn
    result = context.switch(value)
../venv/lib/python3.11/site-packages/sqlalchemy/orm/session.py:1972: in commit
    trans.commit(_to_root=True)
&lt;string&gt;:2: in commit
    ???
../venv/lib/python3.11/site-packages/sqlalchemy/orm/state_changes.py:139: in _go
    ret_value = fn(self, *arg, **kw)
../venv/lib/python3.11/site-packages/sqlalchemy/orm/session.py:1257: in commit
    self._prepare_impl()
&lt;string&gt;:2: in _prepare_impl
    ???
../venv/lib/python3.11/site-packages/sqlalchemy/orm/state_changes.py:139: in _go
    ret_value = fn(self, *arg, **kw)
../venv/lib/python3.11/site-packages/sqlalchemy/orm/session.py:1232: in _prepare_impl
    self.session.flush()
../venv/lib/python3.11/site-packages/sqlalchemy/orm/session.py:4296: in flush
    self._flush(objects)
../venv/lib/python3.11/site-packages/sqlalchemy/orm/session.py:4431: in _flush
    with util.safe_reraise():
../venv/lib/python3.11/site-packages/sqlalchemy/util/langhelpers.py:146: in __exit__
    raise exc_value.with_traceback(exc_tb)
../venv/lib/python3.11/site-packages/sqlalchemy/orm/session.py:4392: in _flush
    flush_context.execute()
../venv/lib/python3.11/site-packages/sqlalchemy/orm/unitofwork.py:466: in execute
    rec.execute(self)
../venv/lib/python3.11/site-packages/sqlalchemy/orm/unitofwork.py:642: in execute
    util.preloaded.orm_persistence.save_obj(
../venv/lib/python3.11/site-packages/sqlalchemy/orm/persistence.py:93: in save_obj
    _emit_insert_statements(
../venv/lib/python3.11/site-packages/sqlalchemy/orm/persistence.py:1233: in _emit_insert_statements
    result = connection.execute(
../venv/lib/python3.11/site-packages/sqlalchemy/engine/base.py:1408: in execute
    return meth(
../venv/lib/python3.11/site-packages/sqlalchemy/sql/elements.py:513: in _execute_on_connection
    return connection._execute_clauseelement(
../venv/lib/python3.11/site-packages/sqlalchemy/engine/base.py:1630: in _execute_clauseelement
    ret = self._execute_context(
../venv/lib/python3.11/site-packages/sqlalchemy/engine/base.py:1839: in _execute_context
    return self._exec_single_context(
../venv/lib/python3.11/site-packages/sqlalchemy/engine/base.py:1979: in _exec_single_context
    self._handle_dbapi_exception(
../venv/lib/python3.11/site-packages/sqlalchemy/engine/base.py:2335: in _handle_dbapi_exception
    raise sqlalchemy_exception.with_traceback(exc_info[2]) from e
../venv/lib/python3.11/site-packages/sqlalchemy/engine/base.py:1960: in _exec_single_context
    self.dialect.do_execute(
../venv/lib/python3.11/site-packages/sqlalchemy/engine/default.py:924: in do_execute
    cursor.execute(statement, parameters)
../venv/lib/python3.11/site-packages/sqlalchemy/dialects/sqlite/aiosqlite.py:146: in execute
    self._adapt_connection._handle_exception(error)
../venv/lib/python3.11/site-packages/sqlalchemy/dialects/sqlite/aiosqlite.py:298: in _handle_exception
    raise error
../venv/lib/python3.11/site-packages/sqlalchemy/dialects/sqlite/aiosqlite.py:128: in execute
    self.await_(_cursor.execute(operation, parameters))
../venv/lib/python3.11/site-packages/sqlalchemy/util/_concurrency_py3k.py:127: in await_only
    return current.driver.switch(awaitable)  # type: ignore[no-any-return]
../venv/lib/python3.11/site-packages/sqlalchemy/util/_concurrency_py3k.py:192: in greenlet_spawn
    value = await result
../venv/lib/python3.11/site-packages/aiosqlite/cursor.py:48: in execute
    await self._execute(self._cursor.execute, sql, parameters)
../venv/lib/python3.11/site-packages/aiosqlite/cursor.py:40: in _execute
    return await self._conn._execute(fn, *args, **kwargs)
../venv/lib/python3.11/site-packages/aiosqlite/core.py:133: in _execute
    return await future
_ _ _ _ _ _ _ _ _ _ _ _ _ _ _ _ _ _ _ _ _ _ _ _ _ _ _ _ _ _ _ _ _ _ _ _ _ _ _ _ _ _ _ _ _ _ _ _ _ _ _ _ _ _

self = &lt;Connection(Thread-5, started daemon 13489057792)&gt;

    def run(self) -&gt; None:
        """
        Execute function calls on a separate thread.
    
        :meta private:
        """
        while True:
            # Continues running until all queue items are processed,
            # even after connection is closed (so we can finalize all
            # futures)
            try:
                future, function = self._tx.get(timeout=0.1)
            except Empty:
                if self._running:
                    continue
                break
            try:
                LOG.debug("executing %s", function)
&gt;               result = function()
E               sqlalchemy.exc.OperationalError: (sqlite3.OperationalError) no such table: projects
E               [SQL: INSERT INTO projects (id, title, description, created_at, updated_at) VALUES (?, ?, ?, ?, ?)]
E               [parameters: ('5fd525f9-e9c1-41bb-8b01-3640ec0bb5d3', 'Test Project', 'A test project for RAG queries', '2025-04-29 18:00:56.144060', '2025-04-29 18:00:56.144062')]
E               (Background on this error at: https://sqlalche.me/e/20/e3q8)

../venv/lib/python3.11/site-packages/aiosqlite/core.py:106: OperationalError</error></testcase><testcase classname="tests.integration.test_rag_queries" name="test_project_issue_specific_queries[What are the dependencies for {issue_key}?]" time="0.000"><error message="failed on setup with &quot;sqlalchemy.exc.OperationalError: (sqlite3.OperationalError) no such table: projects&#10;[SQL: INSERT INTO projects (id, title, description, created_at, updated_at) VALUES (?, ?, ?, ?, ?)]&#10;[parameters: ('5fd525f9-e9c1-41bb-8b01-3640ec0bb5d3', 'Test Project', 'A test project for RAG queries', '2025-04-29 18:00:56.144060', '2025-04-29 18:00:56.144062')]&#10;(Background on this error at: https://sqlalche.me/e/20/e3q8)&quot;">self = &lt;sqlalchemy.engine.base.Connection object at 0x142c8a650&gt;
dialect = &lt;sqlalchemy.dialects.sqlite.aiosqlite.SQLiteDialect_aiosqlite object at 0x13796c590&gt;
context = &lt;sqlalchemy.dialects.sqlite.aiosqlite.SQLiteExecutionContext_aiosqlite object at 0x142c8b350&gt;
statement = &lt;sqlalchemy.dialects.sqlite.base.SQLiteCompiler object at 0x142c8b3d0&gt;
parameters = [('5fd525f9-e9c1-41bb-8b01-3640ec0bb5d3', 'Test Project', 'A test project for RAG queries', '2025-04-29 18:00:56.144060', '2025-04-29 18:00:56.144062')]

    def _exec_single_context(
        self,
        dialect: Dialect,
        context: ExecutionContext,
        statement: Union[str, Compiled],
        parameters: Optional[_AnyMultiExecuteParams],
    ) -&gt; CursorResult[Any]:
        """continue the _execute_context() method for a single DBAPI
        cursor.execute() or cursor.executemany() call.
    
        """
        if dialect.bind_typing is BindTyping.SETINPUTSIZES:
            generic_setinputsizes = context._prepare_set_input_sizes()
    
            if generic_setinputsizes:
                try:
                    dialect.do_set_input_sizes(
                        context.cursor, generic_setinputsizes, context
                    )
                except BaseException as e:
                    self._handle_dbapi_exception(
                        e, str(statement), parameters, None, context
                    )
    
        cursor, str_statement, parameters = (
            context.cursor,
            context.statement,
            context.parameters,
        )
    
        effective_parameters: Optional[_AnyExecuteParams]
    
        if not context.executemany:
            effective_parameters = parameters[0]
        else:
            effective_parameters = parameters
    
        if self._has_events or self.engine._has_events:
            for fn in self.dispatch.before_cursor_execute:
                str_statement, effective_parameters = fn(
                    self,
                    cursor,
                    str_statement,
                    effective_parameters,
                    context,
                    context.executemany,
                )
    
        if self._echo:
            self._log_info(str_statement)
    
            stats = context._get_cache_stats()
    
            if not self.engine.hide_parameters:
                self._log_info(
                    "[%s] %r",
                    stats,
                    sql_util._repr_params(
                        effective_parameters,
                        batches=10,
                        ismulti=context.executemany,
                    ),
                )
            else:
                self._log_info(
                    "[%s] [SQL parameters hidden due to hide_parameters=True]",
                    stats,
                )
    
        evt_handled: bool = False
        try:
            if context.execute_style is ExecuteStyle.EXECUTEMANY:
                effective_parameters = cast(
                    "_CoreMultiExecuteParams", effective_parameters
                )
                if self.dialect._has_events:
                    for fn in self.dialect.dispatch.do_executemany:
                        if fn(
                            cursor,
                            str_statement,
                            effective_parameters,
                            context,
                        ):
                            evt_handled = True
                            break
                if not evt_handled:
                    self.dialect.do_executemany(
                        cursor,
                        str_statement,
                        effective_parameters,
                        context,
                    )
            elif not effective_parameters and context.no_parameters:
                if self.dialect._has_events:
                    for fn in self.dialect.dispatch.do_execute_no_params:
                        if fn(cursor, str_statement, context):
                            evt_handled = True
                            break
                if not evt_handled:
                    self.dialect.do_execute_no_params(
                        cursor, str_statement, context
                    )
            else:
                effective_parameters = cast(
                    "_CoreSingleExecuteParams", effective_parameters
                )
                if self.dialect._has_events:
                    for fn in self.dialect.dispatch.do_execute:
                        if fn(
                            cursor,
                            str_statement,
                            effective_parameters,
                            context,
                        ):
                            evt_handled = True
                            break
                if not evt_handled:
&gt;                   self.dialect.do_execute(
                        cursor, str_statement, effective_parameters, context
                    )

../venv/lib/python3.11/site-packages/sqlalchemy/engine/base.py:1960: 
_ _ _ _ _ _ _ _ _ _ _ _ _ _ _ _ _ _ _ _ _ _ _ _ _ _ _ _ _ _ _ _ _ _ _ _ _ _ _ _ _ _ _ _ _ _ _ _ _ _ _ _ _ _
../venv/lib/python3.11/site-packages/sqlalchemy/engine/default.py:924: in do_execute
    cursor.execute(statement, parameters)
../venv/lib/python3.11/site-packages/sqlalchemy/dialects/sqlite/aiosqlite.py:146: in execute
    self._adapt_connection._handle_exception(error)
../venv/lib/python3.11/site-packages/sqlalchemy/dialects/sqlite/aiosqlite.py:298: in _handle_exception
    raise error
../venv/lib/python3.11/site-packages/sqlalchemy/dialects/sqlite/aiosqlite.py:128: in execute
    self.await_(_cursor.execute(operation, parameters))
../venv/lib/python3.11/site-packages/sqlalchemy/util/_concurrency_py3k.py:127: in await_only
    return current.driver.switch(awaitable)  # type: ignore[no-any-return]
../venv/lib/python3.11/site-packages/sqlalchemy/util/_concurrency_py3k.py:192: in greenlet_spawn
    value = await result
../venv/lib/python3.11/site-packages/aiosqlite/cursor.py:48: in execute
    await self._execute(self._cursor.execute, sql, parameters)
../venv/lib/python3.11/site-packages/aiosqlite/cursor.py:40: in _execute
    return await self._conn._execute(fn, *args, **kwargs)
../venv/lib/python3.11/site-packages/aiosqlite/core.py:133: in _execute
    return await future
_ _ _ _ _ _ _ _ _ _ _ _ _ _ _ _ _ _ _ _ _ _ _ _ _ _ _ _ _ _ _ _ _ _ _ _ _ _ _ _ _ _ _ _ _ _ _ _ _ _ _ _ _ _

self = &lt;Connection(Thread-5, started daemon 13489057792)&gt;

    def run(self) -&gt; None:
        """
        Execute function calls on a separate thread.
    
        :meta private:
        """
        while True:
            # Continues running until all queue items are processed,
            # even after connection is closed (so we can finalize all
            # futures)
            try:
                future, function = self._tx.get(timeout=0.1)
            except Empty:
                if self._running:
                    continue
                break
            try:
                LOG.debug("executing %s", function)
&gt;               result = function()
E               sqlite3.OperationalError: no such table: projects

../venv/lib/python3.11/site-packages/aiosqlite/core.py:106: OperationalError

The above exception was the direct cause of the following exception:

client = &lt;starlette.testclient.TestClient object at 0x142a88090&gt;

    @pytest.fixture(scope="module")
    def setup_project_and_conversation(client):
        # Create project
&gt;       response = client.post(
            "/api/v1/projects/",
            json={"title": "Test Project", "description": "A test project for RAG queries"}
        )

tests/integration/test_rag_queries.py:144: 
_ _ _ _ _ _ _ _ _ _ _ _ _ _ _ _ _ _ _ _ _ _ _ _ _ _ _ _ _ _ _ _ _ _ _ _ _ _ _ _ _ _ _ _ _ _ _ _ _ _ _ _ _ _
../venv/lib/python3.11/site-packages/starlette/testclient.py:608: in post
    return super().post(
../venv/lib/python3.11/site-packages/httpx/_client.py:1145: in post
    return self.request(
../venv/lib/python3.11/site-packages/starlette/testclient.py:491: in request
    return super().request(
../venv/lib/python3.11/site-packages/httpx/_client.py:827: in request
    return self.send(request, auth=auth, follow_redirects=follow_redirects)
../venv/lib/python3.11/site-packages/httpx/_client.py:914: in send
    response = self._send_handling_auth(
../venv/lib/python3.11/site-packages/httpx/_client.py:942: in _send_handling_auth
    response = self._send_handling_redirects(
../venv/lib/python3.11/site-packages/httpx/_client.py:979: in _send_handling_redirects
    response = self._send_single_request(request)
../venv/lib/python3.11/site-packages/httpx/_client.py:1015: in _send_single_request
    response = transport.handle_request(request)
../venv/lib/python3.11/site-packages/starlette/testclient.py:372: in handle_request
    raise exc
../venv/lib/python3.11/site-packages/starlette/testclient.py:369: in handle_request
    portal.call(self.app, scope, receive, send)
../venv/lib/python3.11/site-packages/anyio/from_thread.py:290: in call
    return cast(T_Retval, self.start_task_soon(func, *args).result())
../../../../.pyenv/versions/3.11.11/lib/python3.11/concurrent/futures/_base.py:456: in result
    return self.__get_result()
../../../../.pyenv/versions/3.11.11/lib/python3.11/concurrent/futures/_base.py:401: in __get_result
    raise self._exception
../venv/lib/python3.11/site-packages/anyio/from_thread.py:221: in _call_func
    retval = await retval_or_awaitable
../venv/lib/python3.11/site-packages/fastapi/applications.py:1054: in __call__
    await super().__call__(scope, receive, send)
../venv/lib/python3.11/site-packages/starlette/applications.py:123: in __call__
    await self.middleware_stack(scope, receive, send)
../venv/lib/python3.11/site-packages/starlette/middleware/errors.py:186: in __call__
    raise exc
../venv/lib/python3.11/site-packages/starlette/middleware/errors.py:164: in __call__
    await self.app(scope, receive, _send)
../venv/lib/python3.11/site-packages/starlette/middleware/cors.py:83: in __call__
    await self.app(scope, receive, send)
../venv/lib/python3.11/site-packages/starlette/middleware/exceptions.py:62: in __call__
    await wrap_app_handling_exceptions(self.app, conn)(scope, receive, send)
../venv/lib/python3.11/site-packages/starlette/_exception_handler.py:64: in wrapped_app
    raise exc
../venv/lib/python3.11/site-packages/starlette/_exception_handler.py:53: in wrapped_app
    await app(scope, receive, sender)
../venv/lib/python3.11/site-packages/starlette/routing.py:758: in __call__
    await self.middleware_stack(scope, receive, send)
../venv/lib/python3.11/site-packages/starlette/routing.py:778: in app
    await route.handle(scope, receive, send)
../venv/lib/python3.11/site-packages/starlette/routing.py:299: in handle
    await self.app(scope, receive, send)
../venv/lib/python3.11/site-packages/starlette/routing.py:79: in app
    await wrap_app_handling_exceptions(app, request)(scope, receive, send)
../venv/lib/python3.11/site-packages/starlette/_exception_handler.py:64: in wrapped_app
    raise exc
../venv/lib/python3.11/site-packages/starlette/_exception_handler.py:53: in wrapped_app
    await app(scope, receive, sender)
../venv/lib/python3.11/site-packages/starlette/routing.py:74: in app
    response = await func(request)
../venv/lib/python3.11/site-packages/fastapi/routing.py:299: in app
    raise e
../venv/lib/python3.11/site-packages/fastapi/routing.py:294: in app
    raw_response = await run_endpoint_function(
../venv/lib/python3.11/site-packages/fastapi/routing.py:191: in run_endpoint_function
    return await dependant.call(**values)
app/api/v1/endpoints/projects.py:88: in create_project
    return await service.create_project(project)
app/application/services/project_service.py:28: in create_project
    return await self.repository.create(project)
app/infrastructure/repositories/project_repository.py:75: in create
    await self.db.commit()
../venv/lib/python3.11/site-packages/sqlalchemy/ext/asyncio/session.py:1000: in commit
    await greenlet_spawn(self.sync_session.commit)
../venv/lib/python3.11/site-packages/sqlalchemy/util/_concurrency_py3k.py:199: in greenlet_spawn
    result = context.switch(value)
../venv/lib/python3.11/site-packages/sqlalchemy/orm/session.py:1972: in commit
    trans.commit(_to_root=True)
&lt;string&gt;:2: in commit
    ???
../venv/lib/python3.11/site-packages/sqlalchemy/orm/state_changes.py:139: in _go
    ret_value = fn(self, *arg, **kw)
../venv/lib/python3.11/site-packages/sqlalchemy/orm/session.py:1257: in commit
    self._prepare_impl()
&lt;string&gt;:2: in _prepare_impl
    ???
../venv/lib/python3.11/site-packages/sqlalchemy/orm/state_changes.py:139: in _go
    ret_value = fn(self, *arg, **kw)
../venv/lib/python3.11/site-packages/sqlalchemy/orm/session.py:1232: in _prepare_impl
    self.session.flush()
../venv/lib/python3.11/site-packages/sqlalchemy/orm/session.py:4296: in flush
    self._flush(objects)
../venv/lib/python3.11/site-packages/sqlalchemy/orm/session.py:4431: in _flush
    with util.safe_reraise():
../venv/lib/python3.11/site-packages/sqlalchemy/util/langhelpers.py:146: in __exit__
    raise exc_value.with_traceback(exc_tb)
../venv/lib/python3.11/site-packages/sqlalchemy/orm/session.py:4392: in _flush
    flush_context.execute()
../venv/lib/python3.11/site-packages/sqlalchemy/orm/unitofwork.py:466: in execute
    rec.execute(self)
../venv/lib/python3.11/site-packages/sqlalchemy/orm/unitofwork.py:642: in execute
    util.preloaded.orm_persistence.save_obj(
../venv/lib/python3.11/site-packages/sqlalchemy/orm/persistence.py:93: in save_obj
    _emit_insert_statements(
../venv/lib/python3.11/site-packages/sqlalchemy/orm/persistence.py:1233: in _emit_insert_statements
    result = connection.execute(
../venv/lib/python3.11/site-packages/sqlalchemy/engine/base.py:1408: in execute
    return meth(
../venv/lib/python3.11/site-packages/sqlalchemy/sql/elements.py:513: in _execute_on_connection
    return connection._execute_clauseelement(
../venv/lib/python3.11/site-packages/sqlalchemy/engine/base.py:1630: in _execute_clauseelement
    ret = self._execute_context(
../venv/lib/python3.11/site-packages/sqlalchemy/engine/base.py:1839: in _execute_context
    return self._exec_single_context(
../venv/lib/python3.11/site-packages/sqlalchemy/engine/base.py:1979: in _exec_single_context
    self._handle_dbapi_exception(
../venv/lib/python3.11/site-packages/sqlalchemy/engine/base.py:2335: in _handle_dbapi_exception
    raise sqlalchemy_exception.with_traceback(exc_info[2]) from e
../venv/lib/python3.11/site-packages/sqlalchemy/engine/base.py:1960: in _exec_single_context
    self.dialect.do_execute(
../venv/lib/python3.11/site-packages/sqlalchemy/engine/default.py:924: in do_execute
    cursor.execute(statement, parameters)
../venv/lib/python3.11/site-packages/sqlalchemy/dialects/sqlite/aiosqlite.py:146: in execute
    self._adapt_connection._handle_exception(error)
../venv/lib/python3.11/site-packages/sqlalchemy/dialects/sqlite/aiosqlite.py:298: in _handle_exception
    raise error
../venv/lib/python3.11/site-packages/sqlalchemy/dialects/sqlite/aiosqlite.py:128: in execute
    self.await_(_cursor.execute(operation, parameters))
../venv/lib/python3.11/site-packages/sqlalchemy/util/_concurrency_py3k.py:127: in await_only
    return current.driver.switch(awaitable)  # type: ignore[no-any-return]
../venv/lib/python3.11/site-packages/sqlalchemy/util/_concurrency_py3k.py:192: in greenlet_spawn
    value = await result
../venv/lib/python3.11/site-packages/aiosqlite/cursor.py:48: in execute
    await self._execute(self._cursor.execute, sql, parameters)
../venv/lib/python3.11/site-packages/aiosqlite/cursor.py:40: in _execute
    return await self._conn._execute(fn, *args, **kwargs)
../venv/lib/python3.11/site-packages/aiosqlite/core.py:133: in _execute
    return await future
_ _ _ _ _ _ _ _ _ _ _ _ _ _ _ _ _ _ _ _ _ _ _ _ _ _ _ _ _ _ _ _ _ _ _ _ _ _ _ _ _ _ _ _ _ _ _ _ _ _ _ _ _ _

self = &lt;Connection(Thread-5, started daemon 13489057792)&gt;

    def run(self) -&gt; None:
        """
        Execute function calls on a separate thread.
    
        :meta private:
        """
        while True:
            # Continues running until all queue items are processed,
            # even after connection is closed (so we can finalize all
            # futures)
            try:
                future, function = self._tx.get(timeout=0.1)
            except Empty:
                if self._running:
                    continue
                break
            try:
                LOG.debug("executing %s", function)
&gt;               result = function()
E               sqlalchemy.exc.OperationalError: (sqlite3.OperationalError) no such table: projects
E               [SQL: INSERT INTO projects (id, title, description, created_at, updated_at) VALUES (?, ?, ?, ?, ?)]
E               [parameters: ('5fd525f9-e9c1-41bb-8b01-3640ec0bb5d3', 'Test Project', 'A test project for RAG queries', '2025-04-29 18:00:56.144060', '2025-04-29 18:00:56.144062')]
E               (Background on this error at: https://sqlalche.me/e/20/e3q8)

../venv/lib/python3.11/site-packages/aiosqlite/core.py:106: OperationalError</error></testcase><testcase classname="tests.integration.test_rag_queries" name="test_project_issue_specific_queries[What is the priority of {issue_key} and why?]" time="0.016"><error message="failed on setup with &quot;sqlalchemy.exc.OperationalError: (sqlite3.OperationalError) no such table: projects&#10;[SQL: INSERT INTO projects (id, title, description, created_at, updated_at) VALUES (?, ?, ?, ?, ?)]&#10;[parameters: ('5fd525f9-e9c1-41bb-8b01-3640ec0bb5d3', 'Test Project', 'A test project for RAG queries', '2025-04-29 18:00:56.144060', '2025-04-29 18:00:56.144062')]&#10;(Background on this error at: https://sqlalche.me/e/20/e3q8)&quot;">self = &lt;sqlalchemy.engine.base.Connection object at 0x142c8a650&gt;
dialect = &lt;sqlalchemy.dialects.sqlite.aiosqlite.SQLiteDialect_aiosqlite object at 0x13796c590&gt;
context = &lt;sqlalchemy.dialects.sqlite.aiosqlite.SQLiteExecutionContext_aiosqlite object at 0x142c8b350&gt;
statement = &lt;sqlalchemy.dialects.sqlite.base.SQLiteCompiler object at 0x142c8b3d0&gt;
parameters = [('5fd525f9-e9c1-41bb-8b01-3640ec0bb5d3', 'Test Project', 'A test project for RAG queries', '2025-04-29 18:00:56.144060', '2025-04-29 18:00:56.144062')]

    def _exec_single_context(
        self,
        dialect: Dialect,
        context: ExecutionContext,
        statement: Union[str, Compiled],
        parameters: Optional[_AnyMultiExecuteParams],
    ) -&gt; CursorResult[Any]:
        """continue the _execute_context() method for a single DBAPI
        cursor.execute() or cursor.executemany() call.
    
        """
        if dialect.bind_typing is BindTyping.SETINPUTSIZES:
            generic_setinputsizes = context._prepare_set_input_sizes()
    
            if generic_setinputsizes:
                try:
                    dialect.do_set_input_sizes(
                        context.cursor, generic_setinputsizes, context
                    )
                except BaseException as e:
                    self._handle_dbapi_exception(
                        e, str(statement), parameters, None, context
                    )
    
        cursor, str_statement, parameters = (
            context.cursor,
            context.statement,
            context.parameters,
        )
    
        effective_parameters: Optional[_AnyExecuteParams]
    
        if not context.executemany:
            effective_parameters = parameters[0]
        else:
            effective_parameters = parameters
    
        if self._has_events or self.engine._has_events:
            for fn in self.dispatch.before_cursor_execute:
                str_statement, effective_parameters = fn(
                    self,
                    cursor,
                    str_statement,
                    effective_parameters,
                    context,
                    context.executemany,
                )
    
        if self._echo:
            self._log_info(str_statement)
    
            stats = context._get_cache_stats()
    
            if not self.engine.hide_parameters:
                self._log_info(
                    "[%s] %r",
                    stats,
                    sql_util._repr_params(
                        effective_parameters,
                        batches=10,
                        ismulti=context.executemany,
                    ),
                )
            else:
                self._log_info(
                    "[%s] [SQL parameters hidden due to hide_parameters=True]",
                    stats,
                )
    
        evt_handled: bool = False
        try:
            if context.execute_style is ExecuteStyle.EXECUTEMANY:
                effective_parameters = cast(
                    "_CoreMultiExecuteParams", effective_parameters
                )
                if self.dialect._has_events:
                    for fn in self.dialect.dispatch.do_executemany:
                        if fn(
                            cursor,
                            str_statement,
                            effective_parameters,
                            context,
                        ):
                            evt_handled = True
                            break
                if not evt_handled:
                    self.dialect.do_executemany(
                        cursor,
                        str_statement,
                        effective_parameters,
                        context,
                    )
            elif not effective_parameters and context.no_parameters:
                if self.dialect._has_events:
                    for fn in self.dialect.dispatch.do_execute_no_params:
                        if fn(cursor, str_statement, context):
                            evt_handled = True
                            break
                if not evt_handled:
                    self.dialect.do_execute_no_params(
                        cursor, str_statement, context
                    )
            else:
                effective_parameters = cast(
                    "_CoreSingleExecuteParams", effective_parameters
                )
                if self.dialect._has_events:
                    for fn in self.dialect.dispatch.do_execute:
                        if fn(
                            cursor,
                            str_statement,
                            effective_parameters,
                            context,
                        ):
                            evt_handled = True
                            break
                if not evt_handled:
&gt;                   self.dialect.do_execute(
                        cursor, str_statement, effective_parameters, context
                    )

../venv/lib/python3.11/site-packages/sqlalchemy/engine/base.py:1960: 
_ _ _ _ _ _ _ _ _ _ _ _ _ _ _ _ _ _ _ _ _ _ _ _ _ _ _ _ _ _ _ _ _ _ _ _ _ _ _ _ _ _ _ _ _ _ _ _ _ _ _ _ _ _
../venv/lib/python3.11/site-packages/sqlalchemy/engine/default.py:924: in do_execute
    cursor.execute(statement, parameters)
../venv/lib/python3.11/site-packages/sqlalchemy/dialects/sqlite/aiosqlite.py:146: in execute
    self._adapt_connection._handle_exception(error)
../venv/lib/python3.11/site-packages/sqlalchemy/dialects/sqlite/aiosqlite.py:298: in _handle_exception
    raise error
../venv/lib/python3.11/site-packages/sqlalchemy/dialects/sqlite/aiosqlite.py:128: in execute
    self.await_(_cursor.execute(operation, parameters))
../venv/lib/python3.11/site-packages/sqlalchemy/util/_concurrency_py3k.py:127: in await_only
    return current.driver.switch(awaitable)  # type: ignore[no-any-return]
../venv/lib/python3.11/site-packages/sqlalchemy/util/_concurrency_py3k.py:192: in greenlet_spawn
    value = await result
../venv/lib/python3.11/site-packages/aiosqlite/cursor.py:48: in execute
    await self._execute(self._cursor.execute, sql, parameters)
../venv/lib/python3.11/site-packages/aiosqlite/cursor.py:40: in _execute
    return await self._conn._execute(fn, *args, **kwargs)
../venv/lib/python3.11/site-packages/aiosqlite/core.py:133: in _execute
    return await future
_ _ _ _ _ _ _ _ _ _ _ _ _ _ _ _ _ _ _ _ _ _ _ _ _ _ _ _ _ _ _ _ _ _ _ _ _ _ _ _ _ _ _ _ _ _ _ _ _ _ _ _ _ _

self = &lt;Connection(Thread-5, started daemon 13489057792)&gt;

    def run(self) -&gt; None:
        """
        Execute function calls on a separate thread.
    
        :meta private:
        """
        while True:
            # Continues running until all queue items are processed,
            # even after connection is closed (so we can finalize all
            # futures)
            try:
                future, function = self._tx.get(timeout=0.1)
            except Empty:
                if self._running:
                    continue
                break
            try:
                LOG.debug("executing %s", function)
&gt;               result = function()
E               sqlite3.OperationalError: no such table: projects

../venv/lib/python3.11/site-packages/aiosqlite/core.py:106: OperationalError

The above exception was the direct cause of the following exception:

client = &lt;starlette.testclient.TestClient object at 0x142a88090&gt;

    @pytest.fixture(scope="module")
    def setup_project_and_conversation(client):
        # Create project
&gt;       response = client.post(
            "/api/v1/projects/",
            json={"title": "Test Project", "description": "A test project for RAG queries"}
        )

tests/integration/test_rag_queries.py:144: 
_ _ _ _ _ _ _ _ _ _ _ _ _ _ _ _ _ _ _ _ _ _ _ _ _ _ _ _ _ _ _ _ _ _ _ _ _ _ _ _ _ _ _ _ _ _ _ _ _ _ _ _ _ _
../venv/lib/python3.11/site-packages/starlette/testclient.py:608: in post
    return super().post(
../venv/lib/python3.11/site-packages/httpx/_client.py:1145: in post
    return self.request(
../venv/lib/python3.11/site-packages/starlette/testclient.py:491: in request
    return super().request(
../venv/lib/python3.11/site-packages/httpx/_client.py:827: in request
    return self.send(request, auth=auth, follow_redirects=follow_redirects)
../venv/lib/python3.11/site-packages/httpx/_client.py:914: in send
    response = self._send_handling_auth(
../venv/lib/python3.11/site-packages/httpx/_client.py:942: in _send_handling_auth
    response = self._send_handling_redirects(
../venv/lib/python3.11/site-packages/httpx/_client.py:979: in _send_handling_redirects
    response = self._send_single_request(request)
../venv/lib/python3.11/site-packages/httpx/_client.py:1015: in _send_single_request
    response = transport.handle_request(request)
../venv/lib/python3.11/site-packages/starlette/testclient.py:372: in handle_request
    raise exc
../venv/lib/python3.11/site-packages/starlette/testclient.py:369: in handle_request
    portal.call(self.app, scope, receive, send)
../venv/lib/python3.11/site-packages/anyio/from_thread.py:290: in call
    return cast(T_Retval, self.start_task_soon(func, *args).result())
../../../../.pyenv/versions/3.11.11/lib/python3.11/concurrent/futures/_base.py:456: in result
    return self.__get_result()
../../../../.pyenv/versions/3.11.11/lib/python3.11/concurrent/futures/_base.py:401: in __get_result
    raise self._exception
../venv/lib/python3.11/site-packages/anyio/from_thread.py:221: in _call_func
    retval = await retval_or_awaitable
../venv/lib/python3.11/site-packages/fastapi/applications.py:1054: in __call__
    await super().__call__(scope, receive, send)
../venv/lib/python3.11/site-packages/starlette/applications.py:123: in __call__
    await self.middleware_stack(scope, receive, send)
../venv/lib/python3.11/site-packages/starlette/middleware/errors.py:186: in __call__
    raise exc
../venv/lib/python3.11/site-packages/starlette/middleware/errors.py:164: in __call__
    await self.app(scope, receive, _send)
../venv/lib/python3.11/site-packages/starlette/middleware/cors.py:83: in __call__
    await self.app(scope, receive, send)
../venv/lib/python3.11/site-packages/starlette/middleware/exceptions.py:62: in __call__
    await wrap_app_handling_exceptions(self.app, conn)(scope, receive, send)
../venv/lib/python3.11/site-packages/starlette/_exception_handler.py:64: in wrapped_app
    raise exc
../venv/lib/python3.11/site-packages/starlette/_exception_handler.py:53: in wrapped_app
    await app(scope, receive, sender)
../venv/lib/python3.11/site-packages/starlette/routing.py:758: in __call__
    await self.middleware_stack(scope, receive, send)
../venv/lib/python3.11/site-packages/starlette/routing.py:778: in app
    await route.handle(scope, receive, send)
../venv/lib/python3.11/site-packages/starlette/routing.py:299: in handle
    await self.app(scope, receive, send)
../venv/lib/python3.11/site-packages/starlette/routing.py:79: in app
    await wrap_app_handling_exceptions(app, request)(scope, receive, send)
../venv/lib/python3.11/site-packages/starlette/_exception_handler.py:64: in wrapped_app
    raise exc
../venv/lib/python3.11/site-packages/starlette/_exception_handler.py:53: in wrapped_app
    await app(scope, receive, sender)
../venv/lib/python3.11/site-packages/starlette/routing.py:74: in app
    response = await func(request)
../venv/lib/python3.11/site-packages/fastapi/routing.py:299: in app
    raise e
../venv/lib/python3.11/site-packages/fastapi/routing.py:294: in app
    raw_response = await run_endpoint_function(
../venv/lib/python3.11/site-packages/fastapi/routing.py:191: in run_endpoint_function
    return await dependant.call(**values)
app/api/v1/endpoints/projects.py:88: in create_project
    return await service.create_project(project)
app/application/services/project_service.py:28: in create_project
    return await self.repository.create(project)
app/infrastructure/repositories/project_repository.py:75: in create
    await self.db.commit()
../venv/lib/python3.11/site-packages/sqlalchemy/ext/asyncio/session.py:1000: in commit
    await greenlet_spawn(self.sync_session.commit)
../venv/lib/python3.11/site-packages/sqlalchemy/util/_concurrency_py3k.py:199: in greenlet_spawn
    result = context.switch(value)
../venv/lib/python3.11/site-packages/sqlalchemy/orm/session.py:1972: in commit
    trans.commit(_to_root=True)
&lt;string&gt;:2: in commit
    ???
../venv/lib/python3.11/site-packages/sqlalchemy/orm/state_changes.py:139: in _go
    ret_value = fn(self, *arg, **kw)
../venv/lib/python3.11/site-packages/sqlalchemy/orm/session.py:1257: in commit
    self._prepare_impl()
&lt;string&gt;:2: in _prepare_impl
    ???
../venv/lib/python3.11/site-packages/sqlalchemy/orm/state_changes.py:139: in _go
    ret_value = fn(self, *arg, **kw)
../venv/lib/python3.11/site-packages/sqlalchemy/orm/session.py:1232: in _prepare_impl
    self.session.flush()
../venv/lib/python3.11/site-packages/sqlalchemy/orm/session.py:4296: in flush
    self._flush(objects)
../venv/lib/python3.11/site-packages/sqlalchemy/orm/session.py:4431: in _flush
    with util.safe_reraise():
../venv/lib/python3.11/site-packages/sqlalchemy/util/langhelpers.py:146: in __exit__
    raise exc_value.with_traceback(exc_tb)
../venv/lib/python3.11/site-packages/sqlalchemy/orm/session.py:4392: in _flush
    flush_context.execute()
../venv/lib/python3.11/site-packages/sqlalchemy/orm/unitofwork.py:466: in execute
    rec.execute(self)
../venv/lib/python3.11/site-packages/sqlalchemy/orm/unitofwork.py:642: in execute
    util.preloaded.orm_persistence.save_obj(
../venv/lib/python3.11/site-packages/sqlalchemy/orm/persistence.py:93: in save_obj
    _emit_insert_statements(
../venv/lib/python3.11/site-packages/sqlalchemy/orm/persistence.py:1233: in _emit_insert_statements
    result = connection.execute(
../venv/lib/python3.11/site-packages/sqlalchemy/engine/base.py:1408: in execute
    return meth(
../venv/lib/python3.11/site-packages/sqlalchemy/sql/elements.py:513: in _execute_on_connection
    return connection._execute_clauseelement(
../venv/lib/python3.11/site-packages/sqlalchemy/engine/base.py:1630: in _execute_clauseelement
    ret = self._execute_context(
../venv/lib/python3.11/site-packages/sqlalchemy/engine/base.py:1839: in _execute_context
    return self._exec_single_context(
../venv/lib/python3.11/site-packages/sqlalchemy/engine/base.py:1979: in _exec_single_context
    self._handle_dbapi_exception(
../venv/lib/python3.11/site-packages/sqlalchemy/engine/base.py:2335: in _handle_dbapi_exception
    raise sqlalchemy_exception.with_traceback(exc_info[2]) from e
../venv/lib/python3.11/site-packages/sqlalchemy/engine/base.py:1960: in _exec_single_context
    self.dialect.do_execute(
../venv/lib/python3.11/site-packages/sqlalchemy/engine/default.py:924: in do_execute
    cursor.execute(statement, parameters)
../venv/lib/python3.11/site-packages/sqlalchemy/dialects/sqlite/aiosqlite.py:146: in execute
    self._adapt_connection._handle_exception(error)
../venv/lib/python3.11/site-packages/sqlalchemy/dialects/sqlite/aiosqlite.py:298: in _handle_exception
    raise error
../venv/lib/python3.11/site-packages/sqlalchemy/dialects/sqlite/aiosqlite.py:128: in execute
    self.await_(_cursor.execute(operation, parameters))
../venv/lib/python3.11/site-packages/sqlalchemy/util/_concurrency_py3k.py:127: in await_only
    return current.driver.switch(awaitable)  # type: ignore[no-any-return]
../venv/lib/python3.11/site-packages/sqlalchemy/util/_concurrency_py3k.py:192: in greenlet_spawn
    value = await result
../venv/lib/python3.11/site-packages/aiosqlite/cursor.py:48: in execute
    await self._execute(self._cursor.execute, sql, parameters)
../venv/lib/python3.11/site-packages/aiosqlite/cursor.py:40: in _execute
    return await self._conn._execute(fn, *args, **kwargs)
../venv/lib/python3.11/site-packages/aiosqlite/core.py:133: in _execute
    return await future
_ _ _ _ _ _ _ _ _ _ _ _ _ _ _ _ _ _ _ _ _ _ _ _ _ _ _ _ _ _ _ _ _ _ _ _ _ _ _ _ _ _ _ _ _ _ _ _ _ _ _ _ _ _

self = &lt;Connection(Thread-5, started daemon 13489057792)&gt;

    def run(self) -&gt; None:
        """
        Execute function calls on a separate thread.
    
        :meta private:
        """
        while True:
            # Continues running until all queue items are processed,
            # even after connection is closed (so we can finalize all
            # futures)
            try:
                future, function = self._tx.get(timeout=0.1)
            except Empty:
                if self._running:
                    continue
                break
            try:
                LOG.debug("executing %s", function)
&gt;               result = function()
E               sqlalchemy.exc.OperationalError: (sqlite3.OperationalError) no such table: projects
E               [SQL: INSERT INTO projects (id, title, description, created_at, updated_at) VALUES (?, ?, ?, ?, ?)]
E               [parameters: ('5fd525f9-e9c1-41bb-8b01-3640ec0bb5d3', 'Test Project', 'A test project for RAG queries', '2025-04-29 18:00:56.144060', '2025-04-29 18:00:56.144062')]
E               (Background on this error at: https://sqlalche.me/e/20/e3q8)

../venv/lib/python3.11/site-packages/aiosqlite/core.py:106: OperationalError</error></testcase></testsuite></testsuites>